uda@ubuntu:~$ whic
コマンド 'whic' は見つかりませんでした。もしかして:
 コマンド 'which' - パッケージ 'debianutils' (main)
whic: コマンドが見つかりません
uda@ubuntu:~$ whic ls
コマンド 'whic' は見つかりませんでした。もしかして:
 コマンド 'which' - パッケージ 'debianutils' (main)
whic: コマンドが見つかりません
uda@ubuntu:~$ which ls
/bin/ls
uda@ubuntu:~$ which cd
uda@ubuntu:~$ echo

uda@ubuntu:~$ which echo
/bin/echo
uda@ubuntu:~$ which pwd
/bin/pwd
uda@ubuntu:~$ which ifconfig
/sbin/ifconfig
uda@ubuntu:~$ history
    1  if config -a; ifconfig -a;  ifconfig -a; if config -a; ifconfig -a;  ifconfig -a; ifconfig -a
    2  ifconfig -a
    3  ls
    4  sudo apt update
    5  AGMT2468
    6  SUDO APT UPDATE
    7  sudo apt update
    8  sudo apt install samba
    9  sudo gedit /elc/samba/smb.conf
   10  sudo getit /etc/samba/smb.conf
   11  sudo gedit /etc/samba/smb.conf
   12  sudo smbpasswd -a uda
   13  sudo service smbd restart
   14  sudo service nmbd restart
   15  sudo gedit /etc/samba/smb.conf
   16  sudo service smbd restart
   17  sudo service nmbd restart
   18  sudo gedit /etc/samba/smb.conf
   19  sudo gedit /etc/samba/smb.conf 
   20  history
   21  history > history.log
   22  ls
   23  history
   24  gedit hello.c
   25  gcc hello.c -o hello
   26  gedit hello.c
   27  gcc hello.c -o hello
   28  gedit hello.c
   29  gcc hello.c -o hello
   30  gedit hello.c
   31  gcc hello.c -o hello
   32  ./hello
   33  gcc he
   34  gedit hello.c
   35  sudo apt install openssh-server
   36  ./hello.c
   37  ./hello
   38  history > history.log
   39  history
   40  gedit hello.c
   41  gedit hello.c &
   42  ./hello
   43  gedit hello.c &
   44  ./hello
   45  gcc hello -o hello
   46  gedit hello.c
   47  gcc hello -o hello
   48  gedit hello.c
   49  gcc hello -o hello
   50  gcc hello.c -o hello
   51  gedit hello.c
   52  gedit hello.c &
   53  pwd
   54  cd
   55  pwd
   56  cd /root
   57  ls
   58  exit
   59  bash
   60  exit
   61  ls
   62  ls /
   63  cd bin
   64  pwd
   65  ls bin
   66  ls /bin
   67  cd /proc
   68  ls
   69  cat cpcinfo
   70  cat cpuinfo
   71  cat meminfo
   72  sudo -s
   73  su -
   74  sudo -s
   75  bash
   76  whic
   77  whic ls
   78  which ls
   79  which cd
   80  echo
   81  which echo
   82  which pwd
   83  which ifconfig
   84  history
uda@ubuntu:~$ cd /var
uda@ubuntu:/var$ cd log
uda@ubuntu:/var/log$ ls
Xorg.0.log        btmp             hp                 syslog.1
Xorg.0.log.old    cups             installer          unattended-upgrades
alternatives.log  dist-upgrade     kern.log           upstart
apport.log        dmesg            kern.log.1         vmware
apport.log.1      dpkg.log         lastlog            vmware-tools-upgrader.log
apt               faillog          lightdm            wtmp
auth.log          fontconfig.log   samba
auth.log.1        fsck             speech-dispatcher
bootstrap.log     gpu-manager.log  syslog
uda@ubuntu:/var/log$ cat dmesg
(Nothing has been logged yet.)
uda@ubuntu:/var/log$ dmesg
[    0.000000] Initializing cgroup subsys cpuset
[    0.000000] Initializing cgroup subsys cpu
[    0.000000] Initializing cgroup subsys cpuacct
[    0.000000] Linux version 4.4.0-21-generic (buildd@lgw01-21) (gcc version 5.3.1 20160413 (Ubuntu 5.3.1-14ubuntu2) ) #37-Ubuntu SMP Mon Apr 18 18:33:37 UTC 2016 (Ubuntu 4.4.0-21.37-generic 4.4.6)
[    0.000000] Command line: BOOT_IMAGE=/boot/vmlinuz-4.4.0-21-generic root=UUID=1e44548c-f60c-4757-a889-2b1c84829769 ro find_preseed=/preseed.cfg auto noprompt priority=critical locale=en_US quiet
[    0.000000] KERNEL supported cpus:
[    0.000000]   Intel GenuineIntel
[    0.000000]   AMD AuthenticAMD
[    0.000000]   Centaur CentaurHauls
[    0.000000] Disabled fast string operations
[    0.000000] x86/fpu: xstate_offset[2]:  576, xstate_sizes[2]:  256
[    0.000000] x86/fpu: Supporting XSAVE feature 0x01: 'x87 floating point registers'
[    0.000000] x86/fpu: Supporting XSAVE feature 0x02: 'SSE registers'
[    0.000000] x86/fpu: Supporting XSAVE feature 0x04: 'AVX registers'
[    0.000000] x86/fpu: Enabled xstate features 0x7, context size is 832 bytes, using 'standard' format.
[    0.000000] x86/fpu: Using 'eager' FPU context switches.
[    0.000000] e820: BIOS-provided physical RAM map:
[    0.000000] BIOS-e820: [mem 0x0000000000000000-0x000000000009e7ff] usable
[    0.000000] BIOS-e820: [mem 0x000000000009e800-0x000000000009ffff] reserved
[    0.000000] BIOS-e820: [mem 0x00000000000dc000-0x00000000000fffff] reserved
[    0.000000] BIOS-e820: [mem 0x0000000000100000-0x00000000bfecffff] usable
[    0.000000] BIOS-e820: [mem 0x00000000bfed0000-0x00000000bfefefff] ACPI data
[    0.000000] BIOS-e820: [mem 0x00000000bfeff000-0x00000000bfefffff] ACPI NVS
[    0.000000] BIOS-e820: [mem 0x00000000bff00000-0x00000000bfffffff] usable
[    0.000000] BIOS-e820: [mem 0x00000000f0000000-0x00000000f7ffffff] reserved
[    0.000000] BIOS-e820: [mem 0x00000000fec00000-0x00000000fec0ffff] reserved
[    0.000000] BIOS-e820: [mem 0x00000000fee00000-0x00000000fee00fff] reserved
[    0.000000] BIOS-e820: [mem 0x00000000fffe0000-0x00000000ffffffff] reserved
[    0.000000] BIOS-e820: [mem 0x0000000100000000-0x000000023fffffff] usable
[    0.000000] NX (Execute Disable) protection: active
[    0.000000] SMBIOS 2.4 present.
[    0.000000] DMI: VMware, Inc. VMware Virtual Platform/440BX Desktop Reference Platform, BIOS 6.00 05/20/2014
[    0.000000] Hypervisor detected: VMware
[    0.000000] e820: update [mem 0x00000000-0x00000fff] usable ==> reserved
[    0.000000] e820: remove [mem 0x000a0000-0x000fffff] usable
[    0.000000] e820: last_pfn = 0x240000 max_arch_pfn = 0x400000000
[    0.000000] MTRR default type: uncachable
[    0.000000] MTRR fixed ranges enabled:
[    0.000000]   00000-9FFFF write-back
[    0.000000]   A0000-BFFFF uncachable
[    0.000000]   C0000-CFFFF write-protect
[    0.000000]   D0000-EFFFF uncachable
[    0.000000]   F0000-FFFFF write-protect
[    0.000000] MTRR variable ranges enabled:
[    0.000000]   0 base 000C0000000 mask 3FFC0000000 uncachable
[    0.000000]   1 base 00000000000 mask 3FE00000000 write-back
[    0.000000]   2 base 00200000000 mask 3FFC0000000 write-back
[    0.000000]   3 disabled
[    0.000000]   4 disabled
[    0.000000]   5 disabled
[    0.000000]   6 disabled
[    0.000000]   7 disabled
[    0.000000] x86/PAT: Configuration [0-7]: WB  WC  UC- UC  WB  WC  UC- WT  
[    0.000000] original variable MTRRs
[    0.000000] reg 0, base: 3GB, range: 1GB, type UC
[    0.000000] reg 1, base: 0GB, range: 8GB, type WB
[    0.000000] reg 2, base: 8GB, range: 1GB, type WB
[    0.000000] total RAM covered: 8192M
[    0.000000] Found optimal setting for mtrr clean up
[    0.000000]  gran_size: 64K 	chunk_size: 64K 	num_reg: 4  	lose cover RAM: 0G
[    0.000000] New variable MTRRs
[    0.000000] reg 0, base: 0GB, range: 2GB, type WB
[    0.000000] reg 1, base: 2GB, range: 1GB, type WB
[    0.000000] reg 2, base: 4GB, range: 4GB, type WB
[    0.000000] reg 3, base: 8GB, range: 1GB, type WB
[    0.000000] e820: update [mem 0xc0000000-0xffffffff] usable ==> reserved
[    0.000000] e820: last_pfn = 0xc0000 max_arch_pfn = 0x400000000
[    0.000000] found SMP MP-table at [mem 0x000f6b30-0x000f6b3f] mapped at [ffff8800000f6b30]
[    0.000000] Scanning 1 areas for low memory corruption
[    0.000000] Base memory trampoline at [ffff880000098000] 98000 size 24576
[    0.000000] Using GB pages for direct mapping
[    0.000000] BRK [0x021fe000, 0x021fefff] PGTABLE
[    0.000000] BRK [0x021ff000, 0x021fffff] PGTABLE
[    0.000000] BRK [0x02200000, 0x02200fff] PGTABLE
[    0.000000] RAMDISK: [mem 0x33b7e000-0x35db6fff]
[    0.000000] ACPI: Early table checksum verification disabled
[    0.000000] ACPI: RSDP 0x00000000000F6AC0 000024 (v02 PTLTD )
[    0.000000] ACPI: XSDT 0x00000000BFEDD60B 00005C (v01 INTEL  440BX    06040000 VMW  01324272)
[    0.000000] ACPI: FACP 0x00000000BFEFEE73 0000F4 (v04 INTEL  440BX    06040000 PTL  000F4240)
[    0.000000] ACPI: DSDT 0x00000000BFEDF6B5 01F7BE (v01 PTLTD  Custom   06040000 MSFT 03000001)
[    0.000000] ACPI: FACS 0x00000000BFEFFFC0 000040
[    0.000000] ACPI: FACS 0x00000000BFEFFFC0 000040
[    0.000000] ACPI: BOOT 0x00000000BFEDF68D 000028 (v01 PTLTD  $SBFTBL$ 06040000  LTP 00000001)
[    0.000000] ACPI: APIC 0x00000000BFEDE8BD 000742 (v01 PTLTD  ? APIC   06040000  LTP 00000000)
[    0.000000] ACPI: MCFG 0x00000000BFEDE881 00003C (v01 PTLTD  $PCITBL$ 06040000  LTP 00000001)
[    0.000000] ACPI: SRAT 0x00000000BFEDD707 0008F8 (v02 VMWARE MEMPLUG  06040000 VMW  00000001)
[    0.000000] ACPI: HPET 0x00000000BFEDD6CF 000038 (v01 VMWARE VMW HPET 06040000 VMW  00000001)
[    0.000000] ACPI: WAET 0x00000000BFEDD6A7 000028 (v01 VMWARE VMW WAET 06040000 VMW  00000001)
[    0.000000] ACPI: Local APIC address 0xfee00000
[    0.000000] system APIC only can use physical flat
[    0.000000] Setting APIC routing to physical flat.
[    0.000000] SRAT: PXM 0 -> APIC 0x00 -> Node 0
[    0.000000] SRAT: PXM 0 -> APIC 0x02 -> Node 0
[    0.000000] SRAT: PXM 0 -> APIC 0x04 -> Node 0
[    0.000000] SRAT: PXM 0 -> APIC 0x06 -> Node 0
[    0.000000] SRAT: PXM 0 -> APIC 0x08 -> Node 0
[    0.000000] SRAT: PXM 0 -> APIC 0x0a -> Node 0
[    0.000000] SRAT: PXM 0 -> APIC 0x0c -> Node 0
[    0.000000] SRAT: PXM 0 -> APIC 0x0e -> Node 0
[    0.000000] SRAT: PXM 0 -> APIC 0x10 -> Node 0
[    0.000000] SRAT: PXM 0 -> APIC 0x12 -> Node 0
[    0.000000] SRAT: PXM 0 -> APIC 0x14 -> Node 0
[    0.000000] SRAT: PXM 0 -> APIC 0x16 -> Node 0
[    0.000000] SRAT: PXM 0 -> APIC 0x18 -> Node 0
[    0.000000] SRAT: PXM 0 -> APIC 0x1a -> Node 0
[    0.000000] SRAT: PXM 0 -> APIC 0x1c -> Node 0
[    0.000000] SRAT: PXM 0 -> APIC 0x1e -> Node 0
[    0.000000] SRAT: PXM 0 -> APIC 0x20 -> Node 0
[    0.000000] SRAT: PXM 0 -> APIC 0x22 -> Node 0
[    0.000000] SRAT: PXM 0 -> APIC 0x24 -> Node 0
[    0.000000] SRAT: PXM 0 -> APIC 0x26 -> Node 0
[    0.000000] SRAT: PXM 0 -> APIC 0x28 -> Node 0
[    0.000000] SRAT: PXM 0 -> APIC 0x2a -> Node 0
[    0.000000] SRAT: PXM 0 -> APIC 0x2c -> Node 0
[    0.000000] SRAT: PXM 0 -> APIC 0x2e -> Node 0
[    0.000000] SRAT: PXM 0 -> APIC 0x30 -> Node 0
[    0.000000] SRAT: PXM 0 -> APIC 0x32 -> Node 0
[    0.000000] SRAT: PXM 0 -> APIC 0x34 -> Node 0
[    0.000000] SRAT: PXM 0 -> APIC 0x36 -> Node 0
[    0.000000] SRAT: PXM 0 -> APIC 0x38 -> Node 0
[    0.000000] SRAT: PXM 0 -> APIC 0x3a -> Node 0
[    0.000000] SRAT: PXM 0 -> APIC 0x3c -> Node 0
[    0.000000] SRAT: PXM 0 -> APIC 0x3e -> Node 0
[    0.000000] SRAT: PXM 0 -> APIC 0x40 -> Node 0
[    0.000000] SRAT: PXM 0 -> APIC 0x42 -> Node 0
[    0.000000] SRAT: PXM 0 -> APIC 0x44 -> Node 0
[    0.000000] SRAT: PXM 0 -> APIC 0x46 -> Node 0
[    0.000000] SRAT: PXM 0 -> APIC 0x48 -> Node 0
[    0.000000] SRAT: PXM 0 -> APIC 0x4a -> Node 0
[    0.000000] SRAT: PXM 0 -> APIC 0x4c -> Node 0
[    0.000000] SRAT: PXM 0 -> APIC 0x4e -> Node 0
[    0.000000] SRAT: PXM 0 -> APIC 0x50 -> Node 0
[    0.000000] SRAT: PXM 0 -> APIC 0x52 -> Node 0
[    0.000000] SRAT: PXM 0 -> APIC 0x54 -> Node 0
[    0.000000] SRAT: PXM 0 -> APIC 0x56 -> Node 0
[    0.000000] SRAT: PXM 0 -> APIC 0x58 -> Node 0
[    0.000000] SRAT: PXM 0 -> APIC 0x5a -> Node 0
[    0.000000] SRAT: PXM 0 -> APIC 0x5c -> Node 0
[    0.000000] SRAT: PXM 0 -> APIC 0x5e -> Node 0
[    0.000000] SRAT: PXM 0 -> APIC 0x60 -> Node 0
[    0.000000] SRAT: PXM 0 -> APIC 0x62 -> Node 0
[    0.000000] SRAT: PXM 0 -> APIC 0x64 -> Node 0
[    0.000000] SRAT: PXM 0 -> APIC 0x66 -> Node 0
[    0.000000] SRAT: PXM 0 -> APIC 0x68 -> Node 0
[    0.000000] SRAT: PXM 0 -> APIC 0x6a -> Node 0
[    0.000000] SRAT: PXM 0 -> APIC 0x6c -> Node 0
[    0.000000] SRAT: PXM 0 -> APIC 0x6e -> Node 0
[    0.000000] SRAT: PXM 0 -> APIC 0x70 -> Node 0
[    0.000000] SRAT: PXM 0 -> APIC 0x72 -> Node 0
[    0.000000] SRAT: PXM 0 -> APIC 0x74 -> Node 0
[    0.000000] SRAT: PXM 0 -> APIC 0x76 -> Node 0
[    0.000000] SRAT: PXM 0 -> APIC 0x78 -> Node 0
[    0.000000] SRAT: PXM 0 -> APIC 0x7a -> Node 0
[    0.000000] SRAT: PXM 0 -> APIC 0x7c -> Node 0
[    0.000000] SRAT: PXM 0 -> APIC 0x7e -> Node 0
[    0.000000] SRAT: PXM 0 -> APIC 0x80 -> Node 0
[    0.000000] SRAT: PXM 0 -> APIC 0x82 -> Node 0
[    0.000000] SRAT: PXM 0 -> APIC 0x84 -> Node 0
[    0.000000] SRAT: PXM 0 -> APIC 0x86 -> Node 0
[    0.000000] SRAT: PXM 0 -> APIC 0x88 -> Node 0
[    0.000000] SRAT: PXM 0 -> APIC 0x8a -> Node 0
[    0.000000] SRAT: PXM 0 -> APIC 0x8c -> Node 0
[    0.000000] SRAT: PXM 0 -> APIC 0x8e -> Node 0
[    0.000000] SRAT: PXM 0 -> APIC 0x90 -> Node 0
[    0.000000] SRAT: PXM 0 -> APIC 0x92 -> Node 0
[    0.000000] SRAT: PXM 0 -> APIC 0x94 -> Node 0
[    0.000000] SRAT: PXM 0 -> APIC 0x96 -> Node 0
[    0.000000] SRAT: PXM 0 -> APIC 0x98 -> Node 0
[    0.000000] SRAT: PXM 0 -> APIC 0x9a -> Node 0
[    0.000000] SRAT: PXM 0 -> APIC 0x9c -> Node 0
[    0.000000] SRAT: PXM 0 -> APIC 0x9e -> Node 0
[    0.000000] SRAT: PXM 0 -> APIC 0xa0 -> Node 0
[    0.000000] SRAT: PXM 0 -> APIC 0xa2 -> Node 0
[    0.000000] SRAT: PXM 0 -> APIC 0xa4 -> Node 0
[    0.000000] SRAT: PXM 0 -> APIC 0xa6 -> Node 0
[    0.000000] SRAT: PXM 0 -> APIC 0xa8 -> Node 0
[    0.000000] SRAT: PXM 0 -> APIC 0xaa -> Node 0
[    0.000000] SRAT: PXM 0 -> APIC 0xac -> Node 0
[    0.000000] SRAT: PXM 0 -> APIC 0xae -> Node 0
[    0.000000] SRAT: PXM 0 -> APIC 0xb0 -> Node 0
[    0.000000] SRAT: PXM 0 -> APIC 0xb2 -> Node 0
[    0.000000] SRAT: PXM 0 -> APIC 0xb4 -> Node 0
[    0.000000] SRAT: PXM 0 -> APIC 0xb6 -> Node 0
[    0.000000] SRAT: PXM 0 -> APIC 0xb8 -> Node 0
[    0.000000] SRAT: PXM 0 -> APIC 0xba -> Node 0
[    0.000000] SRAT: PXM 0 -> APIC 0xbc -> Node 0
[    0.000000] SRAT: PXM 0 -> APIC 0xbe -> Node 0
[    0.000000] SRAT: PXM 0 -> APIC 0xc0 -> Node 0
[    0.000000] SRAT: PXM 0 -> APIC 0xc2 -> Node 0
[    0.000000] SRAT: PXM 0 -> APIC 0xc4 -> Node 0
[    0.000000] SRAT: PXM 0 -> APIC 0xc6 -> Node 0
[    0.000000] SRAT: PXM 0 -> APIC 0xc8 -> Node 0
[    0.000000] SRAT: PXM 0 -> APIC 0xca -> Node 0
[    0.000000] SRAT: PXM 0 -> APIC 0xcc -> Node 0
[    0.000000] SRAT: PXM 0 -> APIC 0xce -> Node 0
[    0.000000] SRAT: PXM 0 -> APIC 0xd0 -> Node 0
[    0.000000] SRAT: PXM 0 -> APIC 0xd2 -> Node 0
[    0.000000] SRAT: PXM 0 -> APIC 0xd4 -> Node 0
[    0.000000] SRAT: PXM 0 -> APIC 0xd6 -> Node 0
[    0.000000] SRAT: PXM 0 -> APIC 0xd8 -> Node 0
[    0.000000] SRAT: PXM 0 -> APIC 0xda -> Node 0
[    0.000000] SRAT: PXM 0 -> APIC 0xdc -> Node 0
[    0.000000] SRAT: PXM 0 -> APIC 0xde -> Node 0
[    0.000000] SRAT: PXM 0 -> APIC 0xe0 -> Node 0
[    0.000000] SRAT: PXM 0 -> APIC 0xe2 -> Node 0
[    0.000000] SRAT: PXM 0 -> APIC 0xe4 -> Node 0
[    0.000000] SRAT: PXM 0 -> APIC 0xe6 -> Node 0
[    0.000000] SRAT: PXM 0 -> APIC 0xe8 -> Node 0
[    0.000000] SRAT: PXM 0 -> APIC 0xea -> Node 0
[    0.000000] SRAT: PXM 0 -> APIC 0xec -> Node 0
[    0.000000] SRAT: PXM 0 -> APIC 0xee -> Node 0
[    0.000000] SRAT: PXM 0 -> APIC 0xf0 -> Node 0
[    0.000000] SRAT: PXM 0 -> APIC 0xf2 -> Node 0
[    0.000000] SRAT: PXM 0 -> APIC 0xf4 -> Node 0
[    0.000000] SRAT: PXM 0 -> APIC 0xf6 -> Node 0
[    0.000000] SRAT: PXM 0 -> APIC 0xf8 -> Node 0
[    0.000000] SRAT: PXM 0 -> APIC 0xfa -> Node 0
[    0.000000] SRAT: PXM 0 -> APIC 0xfc -> Node 0
[    0.000000] SRAT: PXM 0 -> APIC 0xfe -> Node 0
[    0.000000] SRAT: Node 0 PXM 0 [mem 0x00000000-0x0009ffff]
[    0.000000] SRAT: Node 0 PXM 0 [mem 0x00100000-0x0fffffff]
[    0.000000] SRAT: Node 0 PXM 0 [mem 0x10000000-0xbfffffff]
[    0.000000] SRAT: Node 0 PXM 0 [mem 0x100000000-0x23fffffff]
[    0.000000] SRAT: Node 0 PXM 0 [mem 0x240000000-0x203fffffff] hotplug
[    0.000000] NUMA: Node 0 [mem 0x00000000-0x0009ffff] + [mem 0x00100000-0x0fffffff] -> [mem 0x00000000-0x0fffffff]
[    0.000000] NUMA: Node 0 [mem 0x00000000-0x0fffffff] + [mem 0x10000000-0xbfffffff] -> [mem 0x00000000-0xbfffffff]
[    0.000000] NUMA: Node 0 [mem 0x00000000-0xbfffffff] + [mem 0x100000000-0x23fffffff] -> [mem 0x00000000-0x23fffffff]
[    0.000000] NODE_DATA(0) allocated [mem 0x23fff9000-0x23fffdfff]
[    0.000000] Zone ranges:
[    0.000000]   DMA      [mem 0x0000000000001000-0x0000000000ffffff]
[    0.000000]   DMA32    [mem 0x0000000001000000-0x00000000ffffffff]
[    0.000000]   Normal   [mem 0x0000000100000000-0x000000023fffffff]
[    0.000000]   Device   empty
[    0.000000] Movable zone start for each node
[    0.000000] Early memory node ranges
[    0.000000]   node   0: [mem 0x0000000000001000-0x000000000009dfff]
[    0.000000]   node   0: [mem 0x0000000000100000-0x00000000bfecffff]
[    0.000000]   node   0: [mem 0x00000000bff00000-0x00000000bfffffff]
[    0.000000]   node   0: [mem 0x0000000100000000-0x000000023fffffff]
[    0.000000] Initmem setup node 0 [mem 0x0000000000001000-0x000000023fffffff]
[    0.000000] On node 0 totalpages: 2097005
[    0.000000]   DMA zone: 64 pages used for memmap
[    0.000000]   DMA zone: 21 pages reserved
[    0.000000]   DMA zone: 3997 pages, LIFO batch:0
[    0.000000]   DMA32 zone: 12224 pages used for memmap
[    0.000000]   DMA32 zone: 782288 pages, LIFO batch:31
[    0.000000]   Normal zone: 20480 pages used for memmap
[    0.000000]   Normal zone: 1310720 pages, LIFO batch:31
[    0.000000] ACPI: PM-Timer IO Port: 0x1008
[    0.000000] ACPI: Local APIC address 0xfee00000
[    0.000000] system APIC only can use physical flat
[    0.000000] ACPI: LAPIC_NMI (acpi_id[0x00] high edge lint[0x1])
[    0.000000] ACPI: LAPIC_NMI (acpi_id[0x01] high edge lint[0x1])
[    0.000000] ACPI: LAPIC_NMI (acpi_id[0x02] high edge lint[0x1])
[    0.000000] ACPI: LAPIC_NMI (acpi_id[0x03] high edge lint[0x1])
[    0.000000] ACPI: LAPIC_NMI (acpi_id[0x04] high edge lint[0x1])
[    0.000000] ACPI: LAPIC_NMI (acpi_id[0x05] high edge lint[0x1])
[    0.000000] ACPI: LAPIC_NMI (acpi_id[0x06] high edge lint[0x1])
[    0.000000] ACPI: LAPIC_NMI (acpi_id[0x07] high edge lint[0x1])
[    0.000000] ACPI: LAPIC_NMI (acpi_id[0x08] high edge lint[0x1])
[    0.000000] ACPI: LAPIC_NMI (acpi_id[0x09] high edge lint[0x1])
[    0.000000] ACPI: LAPIC_NMI (acpi_id[0x0a] high edge lint[0x1])
[    0.000000] ACPI: LAPIC_NMI (acpi_id[0x0b] high edge lint[0x1])
[    0.000000] ACPI: LAPIC_NMI (acpi_id[0x0c] high edge lint[0x1])
[    0.000000] ACPI: LAPIC_NMI (acpi_id[0x0d] high edge lint[0x1])
[    0.000000] ACPI: LAPIC_NMI (acpi_id[0x0e] high edge lint[0x1])
[    0.000000] ACPI: LAPIC_NMI (acpi_id[0x0f] high edge lint[0x1])
[    0.000000] ACPI: LAPIC_NMI (acpi_id[0x10] high edge lint[0x1])
[    0.000000] ACPI: LAPIC_NMI (acpi_id[0x11] high edge lint[0x1])
[    0.000000] ACPI: LAPIC_NMI (acpi_id[0x12] high edge lint[0x1])
[    0.000000] ACPI: LAPIC_NMI (acpi_id[0x13] high edge lint[0x1])
[    0.000000] ACPI: LAPIC_NMI (acpi_id[0x14] high edge lint[0x1])
[    0.000000] ACPI: LAPIC_NMI (acpi_id[0x15] high edge lint[0x1])
[    0.000000] ACPI: LAPIC_NMI (acpi_id[0x16] high edge lint[0x1])
[    0.000000] ACPI: LAPIC_NMI (acpi_id[0x17] high edge lint[0x1])
[    0.000000] ACPI: LAPIC_NMI (acpi_id[0x18] high edge lint[0x1])
[    0.000000] ACPI: LAPIC_NMI (acpi_id[0x19] high edge lint[0x1])
[    0.000000] ACPI: LAPIC_NMI (acpi_id[0x1a] high edge lint[0x1])
[    0.000000] ACPI: LAPIC_NMI (acpi_id[0x1b] high edge lint[0x1])
[    0.000000] ACPI: LAPIC_NMI (acpi_id[0x1c] high edge lint[0x1])
[    0.000000] ACPI: LAPIC_NMI (acpi_id[0x1d] high edge lint[0x1])
[    0.000000] ACPI: LAPIC_NMI (acpi_id[0x1e] high edge lint[0x1])
[    0.000000] ACPI: LAPIC_NMI (acpi_id[0x1f] high edge lint[0x1])
[    0.000000] ACPI: LAPIC_NMI (acpi_id[0x20] high edge lint[0x1])
[    0.000000] ACPI: LAPIC_NMI (acpi_id[0x21] high edge lint[0x1])
[    0.000000] ACPI: LAPIC_NMI (acpi_id[0x22] high edge lint[0x1])
[    0.000000] ACPI: LAPIC_NMI (acpi_id[0x23] high edge lint[0x1])
[    0.000000] ACPI: LAPIC_NMI (acpi_id[0x24] high edge lint[0x1])
[    0.000000] ACPI: LAPIC_NMI (acpi_id[0x25] high edge lint[0x1])
[    0.000000] ACPI: LAPIC_NMI (acpi_id[0x26] high edge lint[0x1])
[    0.000000] ACPI: LAPIC_NMI (acpi_id[0x27] high edge lint[0x1])
[    0.000000] ACPI: LAPIC_NMI (acpi_id[0x28] high edge lint[0x1])
[    0.000000] ACPI: LAPIC_NMI (acpi_id[0x29] high edge lint[0x1])
[    0.000000] ACPI: LAPIC_NMI (acpi_id[0x2a] high edge lint[0x1])
[    0.000000] ACPI: LAPIC_NMI (acpi_id[0x2b] high edge lint[0x1])
[    0.000000] ACPI: LAPIC_NMI (acpi_id[0x2c] high edge lint[0x1])
[    0.000000] ACPI: LAPIC_NMI (acpi_id[0x2d] high edge lint[0x1])
[    0.000000] ACPI: LAPIC_NMI (acpi_id[0x2e] high edge lint[0x1])
[    0.000000] ACPI: LAPIC_NMI (acpi_id[0x2f] high edge lint[0x1])
[    0.000000] ACPI: LAPIC_NMI (acpi_id[0x30] high edge lint[0x1])
[    0.000000] ACPI: LAPIC_NMI (acpi_id[0x31] high edge lint[0x1])
[    0.000000] ACPI: LAPIC_NMI (acpi_id[0x32] high edge lint[0x1])
[    0.000000] ACPI: LAPIC_NMI (acpi_id[0x33] high edge lint[0x1])
[    0.000000] ACPI: LAPIC_NMI (acpi_id[0x34] high edge lint[0x1])
[    0.000000] ACPI: LAPIC_NMI (acpi_id[0x35] high edge lint[0x1])
[    0.000000] ACPI: LAPIC_NMI (acpi_id[0x36] high edge lint[0x1])
[    0.000000] ACPI: LAPIC_NMI (acpi_id[0x37] high edge lint[0x1])
[    0.000000] ACPI: LAPIC_NMI (acpi_id[0x38] high edge lint[0x1])
[    0.000000] ACPI: LAPIC_NMI (acpi_id[0x39] high edge lint[0x1])
[    0.000000] ACPI: LAPIC_NMI (acpi_id[0x3a] high edge lint[0x1])
[    0.000000] ACPI: LAPIC_NMI (acpi_id[0x3b] high edge lint[0x1])
[    0.000000] ACPI: LAPIC_NMI (acpi_id[0x3c] high edge lint[0x1])
[    0.000000] ACPI: LAPIC_NMI (acpi_id[0x3d] high edge lint[0x1])
[    0.000000] ACPI: LAPIC_NMI (acpi_id[0x3e] high edge lint[0x1])
[    0.000000] ACPI: LAPIC_NMI (acpi_id[0x3f] high edge lint[0x1])
[    0.000000] ACPI: LAPIC_NMI (acpi_id[0x40] high edge lint[0x1])
[    0.000000] ACPI: LAPIC_NMI (acpi_id[0x41] high edge lint[0x1])
[    0.000000] ACPI: LAPIC_NMI (acpi_id[0x42] high edge lint[0x1])
[    0.000000] ACPI: LAPIC_NMI (acpi_id[0x43] high edge lint[0x1])
[    0.000000] ACPI: LAPIC_NMI (acpi_id[0x44] high edge lint[0x1])
[    0.000000] ACPI: LAPIC_NMI (acpi_id[0x45] high edge lint[0x1])
[    0.000000] ACPI: LAPIC_NMI (acpi_id[0x46] high edge lint[0x1])
[    0.000000] ACPI: LAPIC_NMI (acpi_id[0x47] high edge lint[0x1])
[    0.000000] ACPI: LAPIC_NMI (acpi_id[0x48] high edge lint[0x1])
[    0.000000] ACPI: LAPIC_NMI (acpi_id[0x49] high edge lint[0x1])
[    0.000000] ACPI: LAPIC_NMI (acpi_id[0x4a] high edge lint[0x1])
[    0.000000] ACPI: LAPIC_NMI (acpi_id[0x4b] high edge lint[0x1])
[    0.000000] ACPI: LAPIC_NMI (acpi_id[0x4c] high edge lint[0x1])
[    0.000000] ACPI: LAPIC_NMI (acpi_id[0x4d] high edge lint[0x1])
[    0.000000] ACPI: LAPIC_NMI (acpi_id[0x4e] high edge lint[0x1])
[    0.000000] ACPI: LAPIC_NMI (acpi_id[0x4f] high edge lint[0x1])
[    0.000000] ACPI: LAPIC_NMI (acpi_id[0x50] high edge lint[0x1])
[    0.000000] ACPI: LAPIC_NMI (acpi_id[0x51] high edge lint[0x1])
[    0.000000] ACPI: LAPIC_NMI (acpi_id[0x52] high edge lint[0x1])
[    0.000000] ACPI: LAPIC_NMI (acpi_id[0x53] high edge lint[0x1])
[    0.000000] ACPI: LAPIC_NMI (acpi_id[0x54] high edge lint[0x1])
[    0.000000] ACPI: LAPIC_NMI (acpi_id[0x55] high edge lint[0x1])
[    0.000000] ACPI: LAPIC_NMI (acpi_id[0x56] high edge lint[0x1])
[    0.000000] ACPI: LAPIC_NMI (acpi_id[0x57] high edge lint[0x1])
[    0.000000] ACPI: LAPIC_NMI (acpi_id[0x58] high edge lint[0x1])
[    0.000000] ACPI: LAPIC_NMI (acpi_id[0x59] high edge lint[0x1])
[    0.000000] ACPI: LAPIC_NMI (acpi_id[0x5a] high edge lint[0x1])
[    0.000000] ACPI: LAPIC_NMI (acpi_id[0x5b] high edge lint[0x1])
[    0.000000] ACPI: LAPIC_NMI (acpi_id[0x5c] high edge lint[0x1])
[    0.000000] ACPI: LAPIC_NMI (acpi_id[0x5d] high edge lint[0x1])
[    0.000000] ACPI: LAPIC_NMI (acpi_id[0x5e] high edge lint[0x1])
[    0.000000] ACPI: LAPIC_NMI (acpi_id[0x5f] high edge lint[0x1])
[    0.000000] ACPI: LAPIC_NMI (acpi_id[0x60] high edge lint[0x1])
[    0.000000] ACPI: LAPIC_NMI (acpi_id[0x61] high edge lint[0x1])
[    0.000000] ACPI: LAPIC_NMI (acpi_id[0x62] high edge lint[0x1])
[    0.000000] ACPI: LAPIC_NMI (acpi_id[0x63] high edge lint[0x1])
[    0.000000] ACPI: LAPIC_NMI (acpi_id[0x64] high edge lint[0x1])
[    0.000000] ACPI: LAPIC_NMI (acpi_id[0x65] high edge lint[0x1])
[    0.000000] ACPI: LAPIC_NMI (acpi_id[0x66] high edge lint[0x1])
[    0.000000] ACPI: LAPIC_NMI (acpi_id[0x67] high edge lint[0x1])
[    0.000000] ACPI: LAPIC_NMI (acpi_id[0x68] high edge lint[0x1])
[    0.000000] ACPI: LAPIC_NMI (acpi_id[0x69] high edge lint[0x1])
[    0.000000] ACPI: LAPIC_NMI (acpi_id[0x6a] high edge lint[0x1])
[    0.000000] ACPI: LAPIC_NMI (acpi_id[0x6b] high edge lint[0x1])
[    0.000000] ACPI: LAPIC_NMI (acpi_id[0x6c] high edge lint[0x1])
[    0.000000] ACPI: LAPIC_NMI (acpi_id[0x6d] high edge lint[0x1])
[    0.000000] ACPI: LAPIC_NMI (acpi_id[0x6e] high edge lint[0x1])
[    0.000000] ACPI: LAPIC_NMI (acpi_id[0x6f] high edge lint[0x1])
[    0.000000] ACPI: LAPIC_NMI (acpi_id[0x70] high edge lint[0x1])
[    0.000000] ACPI: LAPIC_NMI (acpi_id[0x71] high edge lint[0x1])
[    0.000000] ACPI: LAPIC_NMI (acpi_id[0x72] high edge lint[0x1])
[    0.000000] ACPI: LAPIC_NMI (acpi_id[0x73] high edge lint[0x1])
[    0.000000] ACPI: LAPIC_NMI (acpi_id[0x74] high edge lint[0x1])
[    0.000000] ACPI: LAPIC_NMI (acpi_id[0x75] high edge lint[0x1])
[    0.000000] ACPI: LAPIC_NMI (acpi_id[0x76] high edge lint[0x1])
[    0.000000] ACPI: LAPIC_NMI (acpi_id[0x77] high edge lint[0x1])
[    0.000000] ACPI: LAPIC_NMI (acpi_id[0x78] high edge lint[0x1])
[    0.000000] ACPI: LAPIC_NMI (acpi_id[0x79] high edge lint[0x1])
[    0.000000] ACPI: LAPIC_NMI (acpi_id[0x7a] high edge lint[0x1])
[    0.000000] ACPI: LAPIC_NMI (acpi_id[0x7b] high edge lint[0x1])
[    0.000000] ACPI: LAPIC_NMI (acpi_id[0x7c] high edge lint[0x1])
[    0.000000] ACPI: LAPIC_NMI (acpi_id[0x7d] high edge lint[0x1])
[    0.000000] ACPI: LAPIC_NMI (acpi_id[0x7e] high edge lint[0x1])
[    0.000000] ACPI: LAPIC_NMI (acpi_id[0x7f] high edge lint[0x1])
[    0.000000] IOAPIC[0]: apic_id 1, version 17, address 0xfec00000, GSI 0-23
[    0.000000] ACPI: INT_SRC_OVR (bus 0 bus_irq 0 global_irq 2 high edge)
[    0.000000] ACPI: IRQ0 used by override.
[    0.000000] ACPI: IRQ9 used by override.
[    0.000000] Using ACPI (MADT) for SMP configuration information
[    0.000000] ACPI: HPET id: 0x8086af01 base: 0xfed00000
[    0.000000] smpboot: Allowing 128 CPUs, 120 hotplug CPUs
[    0.000000] PM: Registered nosave memory: [mem 0x00000000-0x00000fff]
[    0.000000] PM: Registered nosave memory: [mem 0x0009e000-0x0009efff]
[    0.000000] PM: Registered nosave memory: [mem 0x0009f000-0x0009ffff]
[    0.000000] PM: Registered nosave memory: [mem 0x000a0000-0x000dbfff]
[    0.000000] PM: Registered nosave memory: [mem 0x000dc000-0x000fffff]
[    0.000000] PM: Registered nosave memory: [mem 0xbfed0000-0xbfefefff]
[    0.000000] PM: Registered nosave memory: [mem 0xbfeff000-0xbfefffff]
[    0.000000] PM: Registered nosave memory: [mem 0xc0000000-0xefffffff]
[    0.000000] PM: Registered nosave memory: [mem 0xf0000000-0xf7ffffff]
[    0.000000] PM: Registered nosave memory: [mem 0xf8000000-0xfebfffff]
[    0.000000] PM: Registered nosave memory: [mem 0xfec00000-0xfec0ffff]
[    0.000000] PM: Registered nosave memory: [mem 0xfec10000-0xfedfffff]
[    0.000000] PM: Registered nosave memory: [mem 0xfee00000-0xfee00fff]
[    0.000000] PM: Registered nosave memory: [mem 0xfee01000-0xfffdffff]
[    0.000000] PM: Registered nosave memory: [mem 0xfffe0000-0xffffffff]
[    0.000000] e820: [mem 0xc0000000-0xefffffff] available for PCI devices
[    0.000000] Booting paravirtualized kernel on bare hardware
[    0.000000] clocksource: refined-jiffies: mask: 0xffffffff max_cycles: 0xffffffff, max_idle_ns: 7645519600211568 ns
[    0.000000] setup_percpu: NR_CPUS:256 nr_cpumask_bits:256 nr_cpu_ids:128 nr_node_ids:1
[    0.000000] PERCPU: Embedded 33 pages/cpu @ffff880235600000 s98008 r8192 d28968 u262144
[    0.000000] pcpu-alloc: s98008 r8192 d28968 u262144 alloc=1*2097152
[    0.000000] pcpu-alloc: [0] 000 001 002 003 004 005 006 007 
[    0.000000] pcpu-alloc: [0] 008 009 010 011 012 013 014 015 
[    0.000000] pcpu-alloc: [0] 016 017 018 019 020 021 022 023 
[    0.000000] pcpu-alloc: [0] 024 025 026 027 028 029 030 031 
[    0.000000] pcpu-alloc: [0] 032 033 034 035 036 037 038 039 
[    0.000000] pcpu-alloc: [0] 040 041 042 043 044 045 046 047 
[    0.000000] pcpu-alloc: [0] 048 049 050 051 052 053 054 055 
[    0.000000] pcpu-alloc: [0] 056 057 058 059 060 061 062 063 
[    0.000000] pcpu-alloc: [0] 064 065 066 067 068 069 070 071 
[    0.000000] pcpu-alloc: [0] 072 073 074 075 076 077 078 079 
[    0.000000] pcpu-alloc: [0] 080 081 082 083 084 085 086 087 
[    0.000000] pcpu-alloc: [0] 088 089 090 091 092 093 094 095 
[    0.000000] pcpu-alloc: [0] 096 097 098 099 100 101 102 103 
[    0.000000] pcpu-alloc: [0] 104 105 106 107 108 109 110 111 
[    0.000000] pcpu-alloc: [0] 112 113 114 115 116 117 118 119 
[    0.000000] pcpu-alloc: [0] 120 121 122 123 124 125 126 127 
[    0.000000] Built 1 zonelists in Node order, mobility grouping on.  Total pages: 2064216
[    0.000000] Policy zone: Normal
[    0.000000] Kernel command line: BOOT_IMAGE=/boot/vmlinuz-4.4.0-21-generic root=UUID=1e44548c-f60c-4757-a889-2b1c84829769 ro find_preseed=/preseed.cfg auto noprompt priority=critical locale=en_US quiet
[    0.000000] log_buf_len individual max cpu contribution: 4096 bytes
[    0.000000] log_buf_len total cpu_extra contributions: 520192 bytes
[    0.000000] log_buf_len min size: 262144 bytes
[    0.000000] log_buf_len: 1048576 bytes
[    0.000000] early log buf free: 235008(89%)
[    0.000000] PID hash table entries: 4096 (order: 3, 32768 bytes)
[    0.000000] Calgary: detecting Calgary via BIOS EBDA area
[    0.000000] Calgary: Unable to locate Rio Grande table in EBDA - bailing!
[    0.000000] Memory: 8119120K/8388020K available (8356K kernel code, 1278K rwdata, 3920K rodata, 1476K init, 1292K bss, 268900K reserved, 0K cma-reserved)
[    0.000000] SLUB: HWalign=64, Order=0-3, MinObjects=0, CPUs=128, Nodes=1
[    0.000000] Hierarchical RCU implementation.
[    0.000000] 	Build-time adjustment of leaf fanout to 64.
[    0.000000] 	RCU restricting CPUs from NR_CPUS=256 to nr_cpu_ids=128.
[    0.000000] RCU: Adjusting geometry for rcu_fanout_leaf=64, nr_cpu_ids=128
[    0.000000] NR_IRQS:16640 nr_irqs:1448 16
[    0.000000] Console: colour VGA+ 80x25
[    0.000000] console [tty0] enabled
[    0.000000] clocksource: hpet: mask: 0xffffffff max_cycles: 0xffffffff, max_idle_ns: 133484882848 ns
[    0.000000] hpet clockevent registered
[    0.000000] TSC freq read from hypervisor : 3591.839 MHz
[    0.000000] tsc: Detected 3591.839 MHz processor
[    0.000109] Calibrating delay loop (skipped) preset value.. 7183.67 BogoMIPS (lpj=14367356)
[    0.000111] pid_max: default: 131072 minimum: 1024
[    0.000126] ACPI: Core revision 20150930
[    0.017507] ACPI: 1 ACPI AML tables successfully acquired and loaded
[    0.017595] Security Framework initialized
[    0.017597] Yama: becoming mindful.
[    0.020230] AppArmor: AppArmor initialized
[    0.020653] Dentry cache hash table entries: 1048576 (order: 11, 8388608 bytes)
[    0.040024] Inode-cache hash table entries: 524288 (order: 10, 4194304 bytes)
[    0.049486] Mount-cache hash table entries: 16384 (order: 5, 131072 bytes)
[    0.049493] Mountpoint-cache hash table entries: 16384 (order: 5, 131072 bytes)
[    0.050738] Initializing cgroup subsys io
[    0.050742] Initializing cgroup subsys memory
[    0.050754] Initializing cgroup subsys devices
[    0.050756] Initializing cgroup subsys freezer
[    0.050758] Initializing cgroup subsys net_cls
[    0.050759] Initializing cgroup subsys perf_event
[    0.050762] Initializing cgroup subsys net_prio
[    0.050763] Initializing cgroup subsys hugetlb
[    0.050843] Initializing cgroup subsys pids
[    0.050978] Disabled fast string operations
[    0.050980] CPU: Physical Processor ID: 0
[    0.050985] ENERGY_PERF_BIAS: Set to 'normal', was 'performance'
[    0.050986] ENERGY_PERF_BIAS: View and update with x86_energy_perf_policy(8)
[    0.051685] mce: CPU supports 0 MCE banks
[    0.051700] Last level iTLB entries: 4KB 1024, 2MB 1024, 4MB 1024
[    0.051700] Last level dTLB entries: 4KB 1024, 2MB 1024, 4MB 1024, 1GB 4
[    0.052380] Freeing SMP alternatives memory: 28K (ffffffff820b2000 - ffffffff820b9000)
[    0.066597] ftrace: allocating 31878 entries in 125 pages
[    0.120306] smpboot: Max logical packages: 128
[    0.120309] smpboot: APIC(0) Converting physical 0 to logical package 0
[    0.120310] smpboot: APIC(2) Converting physical 2 to logical package 1
[    0.120311] smpboot: APIC(4) Converting physical 4 to logical package 2
[    0.120312] smpboot: APIC(6) Converting physical 6 to logical package 3
[    0.120313] smpboot: APIC(8) Converting physical 8 to logical package 4
[    0.120314] smpboot: APIC(a) Converting physical 10 to logical package 5
[    0.120315] smpboot: APIC(c) Converting physical 12 to logical package 6
[    0.120315] smpboot: APIC(e) Converting physical 14 to logical package 7
[    0.124913] x2apic enabled
[    0.128892] Switched APIC routing to physical x2apic.
[    0.168004] ..TIMER: vector=0x30 apic1=0 pin1=2 apic2=-1 pin2=-1
[    0.261386] TSC deadline timer enabled
[    0.261429] smpboot: CPU0: Intel(R) Core(TM) i7-4790 CPU @ 3.60GHz (family: 0x6, model: 0x3c, stepping: 0x3)
[    0.261440] Performance Events: 16-deep LBR, Haswell events, core PMU driver.
[    0.261460] core: CPUID marked event: 'cpu cycles' unavailable
[    0.261460] core: CPUID marked event: 'instructions' unavailable
[    0.261461] core: CPUID marked event: 'bus cycles' unavailable
[    0.261461] core: CPUID marked event: 'cache references' unavailable
[    0.261462] core: CPUID marked event: 'cache misses' unavailable
[    0.261462] core: CPUID marked event: 'branch instructions' unavailable
[    0.261463] core: CPUID marked event: 'branch misses' unavailable
[    0.261465] ... version:                1
[    0.261465] ... bit width:              48
[    0.261466] ... generic registers:      4
[    0.261466] ... value mask:             0000ffffffffffff
[    0.261467] ... max period:             000000007fffffff
[    0.261467] ... fixed-purpose events:   0
[    0.261468] ... event mask:             000000000000000f
[    0.268260] NMI watchdog: disabled (cpu0): hardware events not enabled
[    0.268261] NMI watchdog: Shutting down hard lockup detector on all cpus
[    0.268612] x86: Booting SMP configuration:
[    0.268613] .... node  #0, CPUs:          #1
[    0.270224] Disabled fast string operations
[    0.270966] mce: CPU supports 0 MCE banks
[    0.271442]    #2
[    0.273044] Disabled fast string operations
[    0.273824] mce: CPU supports 0 MCE banks
[    0.275960]    #3
[    0.275962] Disabled fast string operations
[    0.276693] mce: CPU supports 0 MCE banks
[    0.278745]    #4
[    0.278748] Disabled fast string operations
[    0.279467] mce: CPU supports 0 MCE banks
[    0.281456]    #5
[    0.281458] Disabled fast string operations
[    0.282169] mce: CPU supports 0 MCE banks
[    0.284206]    #6
[    0.284209] Disabled fast string operations
[    0.284938] mce: CPU supports 0 MCE banks
[    0.286912]    #7
[    0.286914] Disabled fast string operations
[    0.287642] mce: CPU supports 0 MCE banks
[    0.287682] x86: Booted up 1 node, 8 CPUs
[    0.287685] smpboot: Total of 8 processors activated (57469.42 BogoMIPS)
[    0.330771] devtmpfs: initialized
[    0.332888] evm: security.selinux
[    0.332890] evm: security.SMACK64
[    0.332890] evm: security.SMACK64EXEC
[    0.332891] evm: security.SMACK64TRANSMUTE
[    0.332891] evm: security.SMACK64MMAP
[    0.332891] evm: security.ima
[    0.332892] evm: security.capability
[    0.333011] PM: Registering ACPI NVS region [mem 0xbfeff000-0xbfefffff] (4096 bytes)
[    0.333190] clocksource: jiffies: mask: 0xffffffff max_cycles: 0xffffffff, max_idle_ns: 7645041785100000 ns
[    0.333594] pinctrl core: initialized pinctrl subsystem
[    0.333781] RTC time:  9:09:24, date: 04/18/18
[    0.334969] NET: Registered protocol family 16
[    0.348420] cpuidle: using governor ladder
[    0.363410] cpuidle: using governor menu
[    0.363415] PCCT header not found.
[    0.363448] Simple Boot Flag at 0x36 set to 0x80
[    0.363477] ACPI: bus type PCI registered
[    0.363479] acpiphp: ACPI Hot Plug PCI Controller Driver version: 0.5
[    0.363751] PCI: MMCONFIG for domain 0000 [bus 00-7f] at [mem 0xf0000000-0xf7ffffff] (base 0xf0000000)
[    0.363753] PCI: MMCONFIG at [mem 0xf0000000-0xf7ffffff] reserved in E820
[    0.363757] PCI: Using configuration type 1 for base access
[    0.364155] core: PMU erratum BJ122, BV98, HSD29 workaround disabled, HT off
[    0.379915] ACPI: Added _OSI(Module Device)
[    0.379916] ACPI: Added _OSI(Processor Device)
[    0.379917] ACPI: Added _OSI(3.0 _SCP Extensions)
[    0.379917] ACPI: Added _OSI(Processor Aggregator Device)
[    0.389146] [Firmware Bug]: ACPI: BIOS _OSI(Linux) query ignored
[    0.398125] ACPI: Interpreter enabled
[    0.398130] ACPI Exception: AE_NOT_FOUND, While evaluating Sleep State [\_S2_] (20150930/hwxface-580)
[    0.398132] ACPI Exception: AE_NOT_FOUND, While evaluating Sleep State [\_S3_] (20150930/hwxface-580)
[    0.398137] ACPI: (supports S0 S1 S4 S5)
[    0.398138] ACPI: Using IOAPIC for interrupt routing
[    0.398151] PCI: Using host bridge windows from ACPI; if necessary, use "pci=nocrs" and report a bug
[    0.488838] ACPI: PCI Root Bridge [PCI0] (domain 0000 [bus 00-7f])
[    0.488844] acpi PNP0A03:00: _OSC: OS supports [ExtendedConfig ASPM ClockPM Segments MSI]
[    0.488960] acpi PNP0A03:00: _OSC: platform does not support [AER]
[    0.489068] acpi PNP0A03:00: _OSC: OS now controls [PCIeHotplug PME PCIeCapability]
[    0.490213] PCI host bridge to bus 0000:00
[    0.490215] pci_bus 0000:00: root bus resource [mem 0x000a0000-0x000bffff window]
[    0.490216] pci_bus 0000:00: root bus resource [mem 0x000d0000-0x000d3fff window]
[    0.490217] pci_bus 0000:00: root bus resource [mem 0x000d4000-0x000d7fff window]
[    0.490217] pci_bus 0000:00: root bus resource [mem 0x000d8000-0x000dbfff window]
[    0.490218] pci_bus 0000:00: root bus resource [mem 0xc0000000-0xfebfffff window]
[    0.490219] pci_bus 0000:00: root bus resource [io  0x0000-0x0cf7 window]
[    0.490220] pci_bus 0000:00: root bus resource [io  0x0d00-0xfeff window]
[    0.490221] pci_bus 0000:00: root bus resource [bus 00-7f]
[    0.490257] pci 0000:00:00.0: [8086:7190] type 00 class 0x060000
[    0.490683] pci 0000:00:01.0: [8086:7191] type 01 class 0x060400
[    0.491044] pci 0000:00:07.0: [8086:7110] type 00 class 0x060100
[    0.491512] pci 0000:00:07.1: [8086:7111] type 00 class 0x01018a
[    0.493440] pci 0000:00:07.1: reg 0x20: [io  0x1060-0x106f]
[    0.494059] pci 0000:00:07.1: legacy IDE quirk: reg 0x10: [io  0x01f0-0x01f7]
[    0.494060] pci 0000:00:07.1: legacy IDE quirk: reg 0x14: [io  0x03f6]
[    0.494061] pci 0000:00:07.1: legacy IDE quirk: reg 0x18: [io  0x0170-0x0177]
[    0.494061] pci 0000:00:07.1: legacy IDE quirk: reg 0x1c: [io  0x0376]
[    0.494197] pci 0000:00:07.3: [8086:7113] type 00 class 0x068000
[    0.495935] pci 0000:00:07.3: quirk: [io  0x1000-0x103f] claimed by PIIX4 ACPI
[    0.495950] pci 0000:00:07.3: quirk: [io  0x1040-0x104f] claimed by PIIX4 SMB
[    0.496168] pci 0000:00:07.7: [15ad:0740] type 00 class 0x088000
[    0.497028] pci 0000:00:07.7: reg 0x10: [io  0x1080-0x10bf]
[    0.497873] pci 0000:00:07.7: reg 0x14: [mem 0xfebfe000-0xfebfffff 64bit]
[    0.500538] pci 0000:00:0f.0: [15ad:0405] type 00 class 0x030000
[    0.503105] pci 0000:00:0f.0: reg 0x10: [io  0x1070-0x107f]
[    0.505365] pci 0000:00:0f.0: reg 0x14: [mem 0xe8000000-0xefffffff pref]
[    0.507771] pci 0000:00:0f.0: reg 0x18: [mem 0xfe000000-0xfe7fffff]
[    0.517349] pci 0000:00:0f.0: reg 0x30: [mem 0x00000000-0x00007fff pref]
[    0.517731] pci 0000:00:10.0: [1000:0030] type 00 class 0x010000
[    0.518756] pci 0000:00:10.0: reg 0x10: [io  0x1400-0x14ff]
[    0.519698] pci 0000:00:10.0: reg 0x14: [mem 0xfeba0000-0xfebbffff 64bit]
[    0.520636] pci 0000:00:10.0: reg 0x1c: [mem 0xfebc0000-0xfebdffff 64bit]
[    0.522491] pci 0000:00:10.0: reg 0x30: [mem 0x00000000-0x00003fff pref]
[    0.522712] pci 0000:00:11.0: [15ad:0790] type 01 class 0x060401
[    0.523088] pci 0000:00:11.0: System wakeup disabled by ACPI
[    0.523217] pci 0000:00:15.0: [15ad:07a0] type 01 class 0x060400
[    0.523673] pci 0000:00:15.0: PME# supported from D0 D3hot D3cold
[    0.523791] pci 0000:00:15.0: System wakeup disabled by ACPI
[    0.523897] pci 0000:00:15.1: [15ad:07a0] type 01 class 0x060400
[    0.524344] pci 0000:00:15.1: PME# supported from D0 D3hot D3cold
[    0.524461] pci 0000:00:15.1: System wakeup disabled by ACPI
[    0.524545] pci 0000:00:15.2: [15ad:07a0] type 01 class 0x060400
[    0.524993] pci 0000:00:15.2: PME# supported from D0 D3hot D3cold
[    0.525110] pci 0000:00:15.2: System wakeup disabled by ACPI
[    0.525213] pci 0000:00:15.3: [15ad:07a0] type 01 class 0x060400
[    0.525662] pci 0000:00:15.3: PME# supported from D0 D3hot D3cold
[    0.525779] pci 0000:00:15.3: System wakeup disabled by ACPI
[    0.525924] pci 0000:00:15.4: [15ad:07a0] type 01 class 0x060400
[    0.526350] pci 0000:00:15.4: PME# supported from D0 D3hot D3cold
[    0.526462] pci 0000:00:15.4: System wakeup disabled by ACPI
[    0.526547] pci 0000:00:15.5: [15ad:07a0] type 01 class 0x060400
[    0.526972] pci 0000:00:15.5: PME# supported from D0 D3hot D3cold
[    0.527083] pci 0000:00:15.5: System wakeup disabled by ACPI
[    0.527258] pci 0000:00:15.6: [15ad:07a0] type 01 class 0x060400
[    0.527683] pci 0000:00:15.6: PME# supported from D0 D3hot D3cold
[    0.527795] pci 0000:00:15.6: System wakeup disabled by ACPI
[    0.527893] pci 0000:00:15.7: [15ad:07a0] type 01 class 0x060400
[    0.528318] pci 0000:00:15.7: PME# supported from D0 D3hot D3cold
[    0.528502] pci 0000:00:15.7: System wakeup disabled by ACPI
[    0.528584] pci 0000:00:16.0: [15ad:07a0] type 01 class 0x060400
[    0.529009] pci 0000:00:16.0: PME# supported from D0 D3hot D3cold
[    0.529120] pci 0000:00:16.0: System wakeup disabled by ACPI
[    0.529220] pci 0000:00:16.1: [15ad:07a0] type 01 class 0x060400
[    0.529645] pci 0000:00:16.1: PME# supported from D0 D3hot D3cold
[    0.529756] pci 0000:00:16.1: System wakeup disabled by ACPI
[    0.529870] pci 0000:00:16.2: [15ad:07a0] type 01 class 0x060400
[    0.530298] pci 0000:00:16.2: PME# supported from D0 D3hot D3cold
[    0.530410] pci 0000:00:16.2: System wakeup disabled by ACPI
[    0.530490] pci 0000:00:16.3: [15ad:07a0] type 01 class 0x060400
[    0.530965] pci 0000:00:16.3: PME# supported from D0 D3hot D3cold
[    0.531077] pci 0000:00:16.3: System wakeup disabled by ACPI
[    0.531177] pci 0000:00:16.4: [15ad:07a0] type 01 class 0x060400
[    0.531602] pci 0000:00:16.4: PME# supported from D0 D3hot D3cold
[    0.531713] pci 0000:00:16.4: System wakeup disabled by ACPI
[    0.531812] pci 0000:00:16.5: [15ad:07a0] type 01 class 0x060400
[    0.532237] pci 0000:00:16.5: PME# supported from D0 D3hot D3cold
[    0.532348] pci 0000:00:16.5: System wakeup disabled by ACPI
[    0.532509] pci 0000:00:16.6: [15ad:07a0] type 01 class 0x060400
[    0.532937] pci 0000:00:16.6: PME# supported from D0 D3hot D3cold
[    0.533068] pci 0000:00:16.6: System wakeup disabled by ACPI
[    0.533181] pci 0000:00:16.7: [15ad:07a0] type 01 class 0x060400
[    0.533699] pci 0000:00:16.7: PME# supported from D0 D3hot D3cold
[    0.533858] pci 0000:00:16.7: System wakeup disabled by ACPI
[    0.533997] pci 0000:00:17.0: [15ad:07a0] type 01 class 0x060400
[    0.534573] pci 0000:00:17.0: PME# supported from D0 D3hot D3cold
[    0.534763] pci 0000:00:17.0: System wakeup disabled by ACPI
[    0.534893] pci 0000:00:17.1: [15ad:07a0] type 01 class 0x060400
[    0.535448] pci 0000:00:17.1: PME# supported from D0 D3hot D3cold
[    0.535562] pci 0000:00:17.1: System wakeup disabled by ACPI
[    0.535663] pci 0000:00:17.2: [15ad:07a0] type 01 class 0x060400
[    0.536170] pci 0000:00:17.2: PME# supported from D0 D3hot D3cold
[    0.536300] pci 0000:00:17.2: System wakeup disabled by ACPI
[    0.536401] pci 0000:00:17.3: [15ad:07a0] type 01 class 0x060400
[    0.536838] pci 0000:00:17.3: PME# supported from D0 D3hot D3cold
[    0.536952] pci 0000:00:17.3: System wakeup disabled by ACPI
[    0.537034] pci 0000:00:17.4: [15ad:07a0] type 01 class 0x060400
[    0.537470] pci 0000:00:17.4: PME# supported from D0 D3hot D3cold
[    0.537583] pci 0000:00:17.4: System wakeup disabled by ACPI
[    0.537700] pci 0000:00:17.5: [15ad:07a0] type 01 class 0x060400
[    0.538137] pci 0000:00:17.5: PME# supported from D0 D3hot D3cold
[    0.538285] pci 0000:00:17.5: System wakeup disabled by ACPI
[    0.538506] pci 0000:00:17.6: [15ad:07a0] type 01 class 0x060400
[    0.538938] pci 0000:00:17.6: PME# supported from D0 D3hot D3cold
[    0.539051] pci 0000:00:17.6: System wakeup disabled by ACPI
[    0.539131] pci 0000:00:17.7: [15ad:07a0] type 01 class 0x060400
[    0.539556] pci 0000:00:17.7: PME# supported from D0 D3hot D3cold
[    0.539667] pci 0000:00:17.7: System wakeup disabled by ACPI
[    0.539783] pci 0000:00:18.0: [15ad:07a0] type 01 class 0x060400
[    0.540209] pci 0000:00:18.0: PME# supported from D0 D3hot D3cold
[    0.540321] pci 0000:00:18.0: System wakeup disabled by ACPI
[    0.540419] pci 0000:00:18.1: [15ad:07a0] type 01 class 0x060400
[    0.540844] pci 0000:00:18.1: PME# supported from D0 D3hot D3cold
[    0.541000] pci 0000:00:18.1: System wakeup disabled by ACPI
[    0.541079] pci 0000:00:18.2: [15ad:07a0] type 01 class 0x060400
[    0.541504] pci 0000:00:18.2: PME# supported from D0 D3hot D3cold
[    0.541615] pci 0000:00:18.2: System wakeup disabled by ACPI
[    0.541713] pci 0000:00:18.3: [15ad:07a0] type 01 class 0x060400
[    0.542139] pci 0000:00:18.3: PME# supported from D0 D3hot D3cold
[    0.542261] pci 0000:00:18.3: System wakeup disabled by ACPI
[    0.542341] pci 0000:00:18.4: [15ad:07a0] type 01 class 0x060400
[    0.542772] pci 0000:00:18.4: PME# supported from D0 D3hot D3cold
[    0.542902] pci 0000:00:18.4: System wakeup disabled by ACPI
[    0.542982] pci 0000:00:18.5: [15ad:07a0] type 01 class 0x060400
[    0.543430] pci 0000:00:18.5: PME# supported from D0 D3hot D3cold
[    0.543553] pci 0000:00:18.5: System wakeup disabled by ACPI
[    0.543746] pci 0000:00:18.6: [15ad:07a0] type 01 class 0x060400
[    0.544172] pci 0000:00:18.6: PME# supported from D0 D3hot D3cold
[    0.544284] pci 0000:00:18.6: System wakeup disabled by ACPI
[    0.544364] pci 0000:00:18.7: [15ad:07a0] type 01 class 0x060400
[    0.544788] pci 0000:00:18.7: PME# supported from D0 D3hot D3cold
[    0.544924] pci 0000:00:18.7: System wakeup disabled by ACPI
[    0.545237] pci 0000:00:01.0: PCI bridge to [bus 01]
[    0.545681] acpiphp: Slot [32] registered
[    0.545697] acpiphp: Slot [33] registered
[    0.545711] acpiphp: Slot [34] registered
[    0.545725] acpiphp: Slot [35] registered
[    0.545738] acpiphp: Slot [36] registered
[    0.545751] acpiphp: Slot [37] registered
[    0.545765] acpiphp: Slot [38] registered
[    0.545778] acpiphp: Slot [39] registered
[    0.545791] acpiphp: Slot [40] registered
[    0.545804] acpiphp: Slot [41] registered
[    0.545817] acpiphp: Slot [42] registered
[    0.545830] acpiphp: Slot [43] registered
[    0.545861] acpiphp: Slot [44] registered
[    0.545904] acpiphp: Slot [45] registered
[    0.545921] acpiphp: Slot [46] registered
[    0.545945] acpiphp: Slot [47] registered
[    0.545967] acpiphp: Slot [48] registered
[    0.545980] acpiphp: Slot [49] registered
[    0.546003] acpiphp: Slot [50] registered
[    0.546017] acpiphp: Slot [51] registered
[    0.546030] acpiphp: Slot [52] registered
[    0.546043] acpiphp: Slot [53] registered
[    0.546056] acpiphp: Slot [54] registered
[    0.546069] acpiphp: Slot [55] registered
[    0.546082] acpiphp: Slot [56] registered
[    0.546095] acpiphp: Slot [57] registered
[    0.546125] acpiphp: Slot [58] registered
[    0.546139] acpiphp: Slot [59] registered
[    0.546153] acpiphp: Slot [60] registered
[    0.546165] acpiphp: Slot [61] registered
[    0.546178] acpiphp: Slot [62] registered
[    0.546191] acpiphp: Slot [63] registered
[    0.546239] pci 0000:02:00.0: [15ad:0774] type 00 class 0x0c0300
[    0.548177] pci 0000:02:00.0: reg 0x20: [io  0x2080-0x209f]
[    0.548930] pci 0000:02:00.0: System wakeup disabled by ACPI
[    0.549047] pci 0000:02:01.0: [8086:100f] type 00 class 0x020000
[    0.550167] pci 0000:02:01.0: reg 0x10: [mem 0xfd5c0000-0xfd5dffff 64bit]
[    0.551146] pci 0000:02:01.0: reg 0x18: [mem 0xfdff0000-0xfdffffff 64bit]
[    0.552064] pci 0000:02:01.0: reg 0x20: [io  0x2000-0x203f]
[    0.554034] pci 0000:02:01.0: reg 0x30: [mem 0x00000000-0x0000ffff pref]
[    0.554262] pci 0000:02:01.0: System wakeup disabled by ACPI
[    0.554326] pci 0000:02:02.0: [1274:1371] type 00 class 0x040100
[    0.554666] pci 0000:02:02.0: reg 0x10: [io  0x2040-0x207f]
[    0.556582] pci 0000:02:02.0: System wakeup disabled by ACPI
[    0.556671] pci 0000:02:03.0: [15ad:0770] type 00 class 0x0c0320
[    0.557347] pci 0000:02:03.0: reg 0x10: [mem 0xfd5ef000-0xfd5effff]
[    0.560494] pci 0000:02:03.0: System wakeup disabled by ACPI
[    0.560610] pci 0000:02:05.0: [15ad:07e0] type 00 class 0x010601
[    0.563685] pci 0000:02:05.0: reg 0x24: [mem 0xfd5ee000-0xfd5eefff]
[    0.564291] pci 0000:02:05.0: reg 0x30: [mem 0x00000000-0x0000ffff pref]
[    0.564485] pci 0000:02:05.0: PME# supported from D3hot
[    0.564583] pci 0000:02:05.0: System wakeup disabled by ACPI
[    0.564771] pci 0000:00:11.0: PCI bridge to [bus 02] (subtractive decode)
[    0.564785] pci 0000:00:11.0:   bridge window [io  0x2000-0x3fff]
[    0.564799] pci 0000:00:11.0:   bridge window [mem 0xfd500000-0xfdffffff]
[    0.564825] pci 0000:00:11.0:   bridge window [mem 0xe7b00000-0xe7ffffff 64bit pref]
[    0.564826] pci 0000:00:11.0:   bridge window [mem 0x000a0000-0x000bffff window] (subtractive decode)
[    0.564827] pci 0000:00:11.0:   bridge window [mem 0x000d0000-0x000d3fff window] (subtractive decode)
[    0.564828] pci 0000:00:11.0:   bridge window [mem 0x000d4000-0x000d7fff window] (subtractive decode)
[    0.564829] pci 0000:00:11.0:   bridge window [mem 0x000d8000-0x000dbfff window] (subtractive decode)
[    0.564829] pci 0000:00:11.0:   bridge window [mem 0xc0000000-0xfebfffff window] (subtractive decode)
[    0.564830] pci 0000:00:11.0:   bridge window [io  0x0000-0x0cf7 window] (subtractive decode)
[    0.564831] pci 0000:00:11.0:   bridge window [io  0x0d00-0xfeff window] (subtractive decode)
[    0.565087] pci 0000:00:15.0: PCI bridge to [bus 03]
[    0.565101] pci 0000:00:15.0:   bridge window [io  0x4000-0x4fff]
[    0.565114] pci 0000:00:15.0:   bridge window [mem 0xfd400000-0xfd4fffff]
[    0.565141] pci 0000:00:15.0:   bridge window [mem 0xe7a00000-0xe7afffff 64bit pref]
[    0.565362] pci 0000:00:15.1: PCI bridge to [bus 04]
[    0.565376] pci 0000:00:15.1:   bridge window [io  0x8000-0x8fff]
[    0.565389] pci 0000:00:15.1:   bridge window [mem 0xfd000000-0xfd0fffff]
[    0.565415] pci 0000:00:15.1:   bridge window [mem 0xe7600000-0xe76fffff 64bit pref]
[    0.565632] pci 0000:00:15.2: PCI bridge to [bus 05]
[    0.565646] pci 0000:00:15.2:   bridge window [io  0xc000-0xcfff]
[    0.565659] pci 0000:00:15.2:   bridge window [mem 0xfcc00000-0xfccfffff]
[    0.565685] pci 0000:00:15.2:   bridge window [mem 0xe7200000-0xe72fffff 64bit pref]
[    0.565984] pci 0000:00:15.3: PCI bridge to [bus 06]
[    0.566010] pci 0000:00:15.3:   bridge window [mem 0xfc800000-0xfc8fffff]
[    0.566036] pci 0000:00:15.3:   bridge window [mem 0xe6e00000-0xe6efffff 64bit pref]
[    0.566255] pci 0000:00:15.4: PCI bridge to [bus 07]
[    0.566281] pci 0000:00:15.4:   bridge window [mem 0xfc400000-0xfc4fffff]
[    0.566307] pci 0000:00:15.4:   bridge window [mem 0xe6a00000-0xe6afffff 64bit pref]
[    0.566522] pci 0000:00:15.5: PCI bridge to [bus 08]
[    0.566548] pci 0000:00:15.5:   bridge window [mem 0xfc000000-0xfc0fffff]
[    0.566573] pci 0000:00:15.5:   bridge window [mem 0xe6600000-0xe66fffff 64bit pref]
[    0.566815] pci 0000:00:15.6: PCI bridge to [bus 09]
[    0.566841] pci 0000:00:15.6:   bridge window [mem 0xfbc00000-0xfbcfffff]
[    0.566867] pci 0000:00:15.6:   bridge window [mem 0xe6200000-0xe62fffff 64bit pref]
[    0.567083] pci 0000:00:15.7: PCI bridge to [bus 0a]
[    0.567109] pci 0000:00:15.7:   bridge window [mem 0xfb800000-0xfb8fffff]
[    0.567135] pci 0000:00:15.7:   bridge window [mem 0xe5e00000-0xe5efffff 64bit pref]
[    0.567349] pci 0000:00:16.0: PCI bridge to [bus 0b]
[    0.567363] pci 0000:00:16.0:   bridge window [io  0x5000-0x5fff]
[    0.567376] pci 0000:00:16.0:   bridge window [mem 0xfd300000-0xfd3fffff]
[    0.567408] pci 0000:00:16.0:   bridge window [mem 0xe7900000-0xe79fffff 64bit pref]
[    0.567647] pci 0000:00:16.1: PCI bridge to [bus 0c]
[    0.567660] pci 0000:00:16.1:   bridge window [io  0x9000-0x9fff]
[    0.567674] pci 0000:00:16.1:   bridge window [mem 0xfcf00000-0xfcffffff]
[    0.567700] pci 0000:00:16.1:   bridge window [mem 0xe7500000-0xe75fffff 64bit pref]
[    0.567916] pci 0000:00:16.2: PCI bridge to [bus 0d]
[    0.567929] pci 0000:00:16.2:   bridge window [io  0xd000-0xdfff]
[    0.567943] pci 0000:00:16.2:   bridge window [mem 0xfcb00000-0xfcbfffff]
[    0.567969] pci 0000:00:16.2:   bridge window [mem 0xe7100000-0xe71fffff 64bit pref]
[    0.568185] pci 0000:00:16.3: PCI bridge to [bus 0e]
[    0.568211] pci 0000:00:16.3:   bridge window [mem 0xfc700000-0xfc7fffff]
[    0.568237] pci 0000:00:16.3:   bridge window [mem 0xe6d00000-0xe6dfffff 64bit pref]
[    0.568537] pci 0000:00:16.4: PCI bridge to [bus 0f]
[    0.568563] pci 0000:00:16.4:   bridge window [mem 0xfc300000-0xfc3fffff]
[    0.568588] pci 0000:00:16.4:   bridge window [mem 0xe6900000-0xe69fffff 64bit pref]
[    0.568802] pci 0000:00:16.5: PCI bridge to [bus 10]
[    0.568827] pci 0000:00:16.5:   bridge window [mem 0xfbf00000-0xfbffffff]
[    0.568853] pci 0000:00:16.5:   bridge window [mem 0xe6500000-0xe65fffff 64bit pref]
[    0.569062] pci 0000:00:16.6: PCI bridge to [bus 11]
[    0.569088] pci 0000:00:16.6:   bridge window [mem 0xfbb00000-0xfbbfffff]
[    0.569113] pci 0000:00:16.6:   bridge window [mem 0xe6100000-0xe61fffff 64bit pref]
[    0.569433] pci 0000:00:16.7: PCI bridge to [bus 12]
[    0.569458] pci 0000:00:16.7:   bridge window [mem 0xfb700000-0xfb7fffff]
[    0.569484] pci 0000:00:16.7:   bridge window [mem 0xe5d00000-0xe5dfffff 64bit pref]
[    0.569696] pci 0000:00:17.0: PCI bridge to [bus 13]
[    0.569709] pci 0000:00:17.0:   bridge window [io  0x6000-0x6fff]
[    0.569722] pci 0000:00:17.0:   bridge window [mem 0xfd200000-0xfd2fffff]
[    0.569748] pci 0000:00:17.0:   bridge window [mem 0xe7800000-0xe78fffff 64bit pref]
[    0.569987] pci 0000:00:17.1: PCI bridge to [bus 14]
[    0.570001] pci 0000:00:17.1:   bridge window [io  0xa000-0xafff]
[    0.570014] pci 0000:00:17.1:   bridge window [mem 0xfce00000-0xfcefffff]
[    0.570039] pci 0000:00:17.1:   bridge window [mem 0xe7400000-0xe74fffff 64bit pref]
[    0.570286] pci 0000:00:17.2: PCI bridge to [bus 15]
[    0.570299] pci 0000:00:17.2:   bridge window [io  0xe000-0xefff]
[    0.570312] pci 0000:00:17.2:   bridge window [mem 0xfca00000-0xfcafffff]
[    0.570338] pci 0000:00:17.2:   bridge window [mem 0xe7000000-0xe70fffff 64bit pref]
[    0.570550] pci 0000:00:17.3: PCI bridge to [bus 16]
[    0.570575] pci 0000:00:17.3:   bridge window [mem 0xfc600000-0xfc6fffff]
[    0.570600] pci 0000:00:17.3:   bridge window [mem 0xe6c00000-0xe6cfffff 64bit pref]
[    0.570810] pci 0000:00:17.4: PCI bridge to [bus 17]
[    0.570836] pci 0000:00:17.4:   bridge window [mem 0xfc200000-0xfc2fffff]
[    0.570861] pci 0000:00:17.4:   bridge window [mem 0xe6800000-0xe68fffff 64bit pref]
[    0.571141] pci 0000:00:17.5: PCI bridge to [bus 18]
[    0.571167] pci 0000:00:17.5:   bridge window [mem 0xfbe00000-0xfbefffff]
[    0.571192] pci 0000:00:17.5:   bridge window [mem 0xe6400000-0xe64fffff 64bit pref]
[    0.571409] pci 0000:00:17.6: PCI bridge to [bus 19]
[    0.571434] pci 0000:00:17.6:   bridge window [mem 0xfba00000-0xfbafffff]
[    0.571459] pci 0000:00:17.6:   bridge window [mem 0xe6000000-0xe60fffff 64bit pref]
[    0.571671] pci 0000:00:17.7: PCI bridge to [bus 1a]
[    0.571697] pci 0000:00:17.7:   bridge window [mem 0xfb600000-0xfb6fffff]
[    0.571722] pci 0000:00:17.7:   bridge window [mem 0xe5c00000-0xe5cfffff 64bit pref]
[    0.571952] pci 0000:00:18.0: PCI bridge to [bus 1b]
[    0.571966] pci 0000:00:18.0:   bridge window [io  0x7000-0x7fff]
[    0.571979] pci 0000:00:18.0:   bridge window [mem 0xfd100000-0xfd1fffff]
[    0.572004] pci 0000:00:18.0:   bridge window [mem 0xe7700000-0xe77fffff 64bit pref]
[    0.572217] pci 0000:00:18.1: PCI bridge to [bus 1c]
[    0.572230] pci 0000:00:18.1:   bridge window [io  0xb000-0xbfff]
[    0.572243] pci 0000:00:18.1:   bridge window [mem 0xfcd00000-0xfcdfffff]
[    0.572268] pci 0000:00:18.1:   bridge window [mem 0xe7300000-0xe73fffff 64bit pref]
[    0.572478] pci 0000:00:18.2: PCI bridge to [bus 1d]
[    0.572506] pci 0000:00:18.2:   bridge window [mem 0xfc900000-0xfc9fffff]
[    0.572531] pci 0000:00:18.2:   bridge window [mem 0xe6f00000-0xe6ffffff 64bit pref]
[    0.572767] pci 0000:00:18.3: PCI bridge to [bus 1e]
[    0.572792] pci 0000:00:18.3:   bridge window [mem 0xfc500000-0xfc5fffff]
[    0.572818] pci 0000:00:18.3:   bridge window [mem 0xe6b00000-0xe6bfffff 64bit pref]
[    0.573051] pci 0000:00:18.4: PCI bridge to [bus 1f]
[    0.573089] pci 0000:00:18.4:   bridge window [mem 0xfc100000-0xfc1fffff]
[    0.573124] pci 0000:00:18.4:   bridge window [mem 0xe6700000-0xe67fffff 64bit pref]
[    0.573336] pci 0000:00:18.5: PCI bridge to [bus 20]
[    0.573361] pci 0000:00:18.5:   bridge window [mem 0xfbd00000-0xfbdfffff]
[    0.573417] pci 0000:00:18.5:   bridge window [mem 0xe6300000-0xe63fffff 64bit pref]
[    0.573691] pci 0000:00:18.6: PCI bridge to [bus 21]
[    0.573717] pci 0000:00:18.6:   bridge window [mem 0xfb900000-0xfb9fffff]
[    0.573742] pci 0000:00:18.6:   bridge window [mem 0xe5f00000-0xe5ffffff 64bit pref]
[    0.574043] pci 0000:00:18.7: PCI bridge to [bus 22]
[    0.574069] pci 0000:00:18.7:   bridge window [mem 0xfb500000-0xfb5fffff]
[    0.574094] pci 0000:00:18.7:   bridge window [mem 0xe5b00000-0xe5bfffff 64bit pref]
[    0.575785] ACPI: PCI Interrupt Link [LNKA] (IRQs 3 4 5 6 7 *9 10 11 14 15)
[    0.575837] ACPI: PCI Interrupt Link [LNKB] (IRQs 3 4 5 6 7 9 10 *11 14 15)
[    0.575907] ACPI: PCI Interrupt Link [LNKC] (IRQs 3 4 5 6 7 9 *10 11 14 15)
[    0.575985] ACPI: PCI Interrupt Link [LNKD] (IRQs 3 4 5 6 *7 9 10 11 14 15)
[    0.599282] ACPI: Enabled 2 GPEs in block 00 to 0F
[    0.599498] vgaarb: setting as boot device: PCI:0000:00:0f.0
[    0.599500] vgaarb: device added: PCI:0000:00:0f.0,decodes=io+mem,owns=io+mem,locks=none
[    0.599506] vgaarb: loaded
[    0.599507] vgaarb: bridge control possible 0000:00:0f.0
[    0.599849] SCSI subsystem initialized
[    0.600085] libata version 3.00 loaded.
[    0.600122] ACPI: bus type USB registered
[    0.600132] usbcore: registered new interface driver usbfs
[    0.600137] usbcore: registered new interface driver hub
[    0.600325] usbcore: registered new device driver usb
[    0.600876] PCI: Using ACPI for IRQ routing
[    0.618744] PCI: pci_cache_line_size set to 64 bytes
[    0.619336] e820: reserve RAM buffer [mem 0x0009e800-0x0009ffff]
[    0.619337] e820: reserve RAM buffer [mem 0xbfed0000-0xbfffffff]
[    0.619477] NetLabel: Initializing
[    0.619478] NetLabel:  domain hash size = 128
[    0.619479] NetLabel:  protocols = UNLABELED CIPSOv4
[    0.619484] NetLabel:  unlabeled traffic allowed by default
[    0.619678] hpet0: at MMIO 0xfed00000, IRQs 2, 8, 0, 0, 0, 0, 0, 0, 0, 0, 0, 0, 0, 0, 0, 0
[    0.619682] hpet0: 16 comparators, 64-bit 14.318180 MHz counter
[    0.621825] clocksource: Switched to clocksource hpet
[    0.642624] AppArmor: AppArmor Filesystem Enabled
[    0.642679] pnp: PnP ACPI init
[    0.642862] system 00:00: [io  0x1000-0x103f] could not be reserved
[    0.642863] system 00:00: [io  0x1040-0x104f] has been reserved
[    0.642865] system 00:00: [io  0x0cf0-0x0cf1] has been reserved
[    0.642868] system 00:00: Plug and Play ACPI device, IDs PNP0c02 (active)
[    0.642886] pnp 00:01: Plug and Play ACPI device, IDs PNP0b00 (active)
[    0.642986] pnp 00:02: Plug and Play ACPI device, IDs PNP0303 (active)
[    0.643018] pnp 00:03: Plug and Play ACPI device, IDs PNP0f13 (active)
[    0.643170] system 00:04: [mem 0xfed00000-0xfed003ff] has been reserved
[    0.643172] system 00:04: Plug and Play ACPI device, IDs PNP0103 PNP0c01 (active)
[    0.644165] pnp 00:05: Plug and Play ACPI device, IDs PNP0501 (active)
[    0.644336] pnp 00:06: [dma 2]
[    0.644381] pnp 00:06: Plug and Play ACPI device, IDs PNP0700 (active)
[    0.644519] system 00:07: [io  0xfce0-0xfcff] has been reserved
[    0.644521] system 00:07: [mem 0xf0000000-0xf7ffffff] has been reserved
[    0.644523] system 00:07: [mem 0xfe800000-0xfe9fffff] has been reserved
[    0.644524] system 00:07: Plug and Play ACPI device, IDs PNP0c02 (active)
[    0.660964] pnp: PnP ACPI: found 8 devices
[    0.670346] clocksource: acpi_pm: mask: 0xffffff max_cycles: 0xffffff, max_idle_ns: 2085701024 ns
[    0.670566] pci 0000:00:15.3: bridge window [io  0x1000-0x0fff] to [bus 06] add_size 1000
[    0.670604] pci 0000:00:15.4: bridge window [io  0x1000-0x0fff] to [bus 07] add_size 1000
[    0.670642] pci 0000:00:15.5: bridge window [io  0x1000-0x0fff] to [bus 08] add_size 1000
[    0.670680] pci 0000:00:15.6: bridge window [io  0x1000-0x0fff] to [bus 09] add_size 1000
[    0.670718] pci 0000:00:15.7: bridge window [io  0x1000-0x0fff] to [bus 0a] add_size 1000
[    0.670886] pci 0000:00:16.3: bridge window [io  0x1000-0x0fff] to [bus 0e] add_size 1000
[    0.670967] pci 0000:00:16.4: bridge window [io  0x1000-0x0fff] to [bus 0f] add_size 1000
[    0.671024] pci 0000:00:16.5: bridge window [io  0x1000-0x0fff] to [bus 10] add_size 1000
[    0.671062] pci 0000:00:16.6: bridge window [io  0x1000-0x0fff] to [bus 11] add_size 1000
[    0.671099] pci 0000:00:16.7: bridge window [io  0x1000-0x0fff] to [bus 12] add_size 1000
[    0.671246] pci 0000:00:17.3: bridge window [io  0x1000-0x0fff] to [bus 16] add_size 1000
[    0.671284] pci 0000:00:17.4: bridge window [io  0x1000-0x0fff] to [bus 17] add_size 1000
[    0.671322] pci 0000:00:17.5: bridge window [io  0x1000-0x0fff] to [bus 18] add_size 1000
[    0.671359] pci 0000:00:17.6: bridge window [io  0x1000-0x0fff] to [bus 19] add_size 1000
[    0.671397] pci 0000:00:17.7: bridge window [io  0x1000-0x0fff] to [bus 1a] add_size 1000
[    0.671507] pci 0000:00:18.2: bridge window [io  0x1000-0x0fff] to [bus 1d] add_size 1000
[    0.671545] pci 0000:00:18.3: bridge window [io  0x1000-0x0fff] to [bus 1e] add_size 1000
[    0.671582] pci 0000:00:18.4: bridge window [io  0x1000-0x0fff] to [bus 1f] add_size 1000
[    0.671620] pci 0000:00:18.5: bridge window [io  0x1000-0x0fff] to [bus 20] add_size 1000
[    0.671658] pci 0000:00:18.6: bridge window [io  0x1000-0x0fff] to [bus 21] add_size 1000
[    0.671696] pci 0000:00:18.7: bridge window [io  0x1000-0x0fff] to [bus 22] add_size 1000
[    0.671726] pci 0000:00:15.3: res[13]=[io  0x1000-0x0fff] res_to_dev_res add_size 1000 min_align 1000
[    0.671727] pci 0000:00:15.3: res[13]=[io  0x1000-0x1fff] res_to_dev_res add_size 1000 min_align 1000
[    0.671728] pci 0000:00:15.4: res[13]=[io  0x1000-0x0fff] res_to_dev_res add_size 1000 min_align 1000
[    0.671729] pci 0000:00:15.4: res[13]=[io  0x1000-0x1fff] res_to_dev_res add_size 1000 min_align 1000
[    0.671730] pci 0000:00:15.5: res[13]=[io  0x1000-0x0fff] res_to_dev_res add_size 1000 min_align 1000
[    0.671731] pci 0000:00:15.5: res[13]=[io  0x1000-0x1fff] res_to_dev_res add_size 1000 min_align 1000
[    0.671731] pci 0000:00:15.6: res[13]=[io  0x1000-0x0fff] res_to_dev_res add_size 1000 min_align 1000
[    0.671732] pci 0000:00:15.6: res[13]=[io  0x1000-0x1fff] res_to_dev_res add_size 1000 min_align 1000
[    0.671733] pci 0000:00:15.7: res[13]=[io  0x1000-0x0fff] res_to_dev_res add_size 1000 min_align 1000
[    0.671734] pci 0000:00:15.7: res[13]=[io  0x1000-0x1fff] res_to_dev_res add_size 1000 min_align 1000
[    0.671734] pci 0000:00:16.3: res[13]=[io  0x1000-0x0fff] res_to_dev_res add_size 1000 min_align 1000
[    0.671735] pci 0000:00:16.3: res[13]=[io  0x1000-0x1fff] res_to_dev_res add_size 1000 min_align 1000
[    0.671736] pci 0000:00:16.4: res[13]=[io  0x1000-0x0fff] res_to_dev_res add_size 1000 min_align 1000
[    0.671737] pci 0000:00:16.4: res[13]=[io  0x1000-0x1fff] res_to_dev_res add_size 1000 min_align 1000
[    0.671737] pci 0000:00:16.5: res[13]=[io  0x1000-0x0fff] res_to_dev_res add_size 1000 min_align 1000
[    0.671738] pci 0000:00:16.5: res[13]=[io  0x1000-0x1fff] res_to_dev_res add_size 1000 min_align 1000
[    0.671739] pci 0000:00:16.6: res[13]=[io  0x1000-0x0fff] res_to_dev_res add_size 1000 min_align 1000
[    0.671740] pci 0000:00:16.6: res[13]=[io  0x1000-0x1fff] res_to_dev_res add_size 1000 min_align 1000
[    0.671740] pci 0000:00:16.7: res[13]=[io  0x1000-0x0fff] res_to_dev_res add_size 1000 min_align 1000
[    0.671741] pci 0000:00:16.7: res[13]=[io  0x1000-0x1fff] res_to_dev_res add_size 1000 min_align 1000
[    0.671742] pci 0000:00:17.3: res[13]=[io  0x1000-0x0fff] res_to_dev_res add_size 1000 min_align 1000
[    0.671743] pci 0000:00:17.3: res[13]=[io  0x1000-0x1fff] res_to_dev_res add_size 1000 min_align 1000
[    0.671743] pci 0000:00:17.4: res[13]=[io  0x1000-0x0fff] res_to_dev_res add_size 1000 min_align 1000
[    0.671744] pci 0000:00:17.4: res[13]=[io  0x1000-0x1fff] res_to_dev_res add_size 1000 min_align 1000
[    0.671745] pci 0000:00:17.5: res[13]=[io  0x1000-0x0fff] res_to_dev_res add_size 1000 min_align 1000
[    0.671746] pci 0000:00:17.5: res[13]=[io  0x1000-0x1fff] res_to_dev_res add_size 1000 min_align 1000
[    0.671746] pci 0000:00:17.6: res[13]=[io  0x1000-0x0fff] res_to_dev_res add_size 1000 min_align 1000
[    0.671747] pci 0000:00:17.6: res[13]=[io  0x1000-0x1fff] res_to_dev_res add_size 1000 min_align 1000
[    0.671748] pci 0000:00:17.7: res[13]=[io  0x1000-0x0fff] res_to_dev_res add_size 1000 min_align 1000
[    0.671749] pci 0000:00:17.7: res[13]=[io  0x1000-0x1fff] res_to_dev_res add_size 1000 min_align 1000
[    0.671749] pci 0000:00:18.2: res[13]=[io  0x1000-0x0fff] res_to_dev_res add_size 1000 min_align 1000
[    0.671750] pci 0000:00:18.2: res[13]=[io  0x1000-0x1fff] res_to_dev_res add_size 1000 min_align 1000
[    0.671751] pci 0000:00:18.3: res[13]=[io  0x1000-0x0fff] res_to_dev_res add_size 1000 min_align 1000
[    0.671752] pci 0000:00:18.3: res[13]=[io  0x1000-0x1fff] res_to_dev_res add_size 1000 min_align 1000
[    0.671752] pci 0000:00:18.4: res[13]=[io  0x1000-0x0fff] res_to_dev_res add_size 1000 min_align 1000
[    0.671753] pci 0000:00:18.4: res[13]=[io  0x1000-0x1fff] res_to_dev_res add_size 1000 min_align 1000
[    0.671754] pci 0000:00:18.5: res[13]=[io  0x1000-0x0fff] res_to_dev_res add_size 1000 min_align 1000
[    0.671755] pci 0000:00:18.5: res[13]=[io  0x1000-0x1fff] res_to_dev_res add_size 1000 min_align 1000
[    0.671755] pci 0000:00:18.6: res[13]=[io  0x1000-0x0fff] res_to_dev_res add_size 1000 min_align 1000
[    0.671756] pci 0000:00:18.6: res[13]=[io  0x1000-0x1fff] res_to_dev_res add_size 1000 min_align 1000
[    0.671757] pci 0000:00:18.7: res[13]=[io  0x1000-0x0fff] res_to_dev_res add_size 1000 min_align 1000
[    0.671758] pci 0000:00:18.7: res[13]=[io  0x1000-0x1fff] res_to_dev_res add_size 1000 min_align 1000
[    0.671761] pci 0000:00:0f.0: BAR 6: assigned [mem 0xc0000000-0xc0007fff pref]
[    0.671763] pci 0000:00:10.0: BAR 6: assigned [mem 0xc0008000-0xc000bfff pref]
[    0.671766] pci 0000:00:15.3: BAR 13: no space for [io  size 0x1000]
[    0.671767] pci 0000:00:15.3: BAR 13: failed to assign [io  size 0x1000]
[    0.671768] pci 0000:00:15.4: BAR 13: no space for [io  size 0x1000]
[    0.671769] pci 0000:00:15.4: BAR 13: failed to assign [io  size 0x1000]
[    0.671770] pci 0000:00:15.5: BAR 13: no space for [io  size 0x1000]
[    0.671770] pci 0000:00:15.5: BAR 13: failed to assign [io  size 0x1000]
[    0.671772] pci 0000:00:15.6: BAR 13: no space for [io  size 0x1000]
[    0.671772] pci 0000:00:15.6: BAR 13: failed to assign [io  size 0x1000]
[    0.671773] pci 0000:00:15.7: BAR 13: no space for [io  size 0x1000]
[    0.671774] pci 0000:00:15.7: BAR 13: failed to assign [io  size 0x1000]
[    0.671775] pci 0000:00:16.3: BAR 13: no space for [io  size 0x1000]
[    0.671776] pci 0000:00:16.3: BAR 13: failed to assign [io  size 0x1000]
[    0.671777] pci 0000:00:16.4: BAR 13: no space for [io  size 0x1000]
[    0.671777] pci 0000:00:16.4: BAR 13: failed to assign [io  size 0x1000]
[    0.671778] pci 0000:00:16.5: BAR 13: no space for [io  size 0x1000]
[    0.671779] pci 0000:00:16.5: BAR 13: failed to assign [io  size 0x1000]
[    0.671780] pci 0000:00:16.6: BAR 13: no space for [io  size 0x1000]
[    0.671781] pci 0000:00:16.6: BAR 13: failed to assign [io  size 0x1000]
[    0.671782] pci 0000:00:16.7: BAR 13: no space for [io  size 0x1000]
[    0.671782] pci 0000:00:16.7: BAR 13: failed to assign [io  size 0x1000]
[    0.671783] pci 0000:00:17.3: BAR 13: no space for [io  size 0x1000]
[    0.671784] pci 0000:00:17.3: BAR 13: failed to assign [io  size 0x1000]
[    0.671785] pci 0000:00:17.4: BAR 13: no space for [io  size 0x1000]
[    0.671786] pci 0000:00:17.4: BAR 13: failed to assign [io  size 0x1000]
[    0.671787] pci 0000:00:17.5: BAR 13: no space for [io  size 0x1000]
[    0.671787] pci 0000:00:17.5: BAR 13: failed to assign [io  size 0x1000]
[    0.671788] pci 0000:00:17.6: BAR 13: no space for [io  size 0x1000]
[    0.671789] pci 0000:00:17.6: BAR 13: failed to assign [io  size 0x1000]
[    0.671790] pci 0000:00:17.7: BAR 13: no space for [io  size 0x1000]
[    0.671791] pci 0000:00:17.7: BAR 13: failed to assign [io  size 0x1000]
[    0.671792] pci 0000:00:18.2: BAR 13: no space for [io  size 0x1000]
[    0.671792] pci 0000:00:18.2: BAR 13: failed to assign [io  size 0x1000]
[    0.671794] pci 0000:00:18.3: BAR 13: no space for [io  size 0x1000]
[    0.671794] pci 0000:00:18.3: BAR 13: failed to assign [io  size 0x1000]
[    0.671795] pci 0000:00:18.4: BAR 13: no space for [io  size 0x1000]
[    0.671796] pci 0000:00:18.4: BAR 13: failed to assign [io  size 0x1000]
[    0.671797] pci 0000:00:18.5: BAR 13: no space for [io  size 0x1000]
[    0.671798] pci 0000:00:18.5: BAR 13: failed to assign [io  size 0x1000]
[    0.671799] pci 0000:00:18.6: BAR 13: no space for [io  size 0x1000]
[    0.671799] pci 0000:00:18.6: BAR 13: failed to assign [io  size 0x1000]
[    0.671800] pci 0000:00:18.7: BAR 13: no space for [io  size 0x1000]
[    0.671801] pci 0000:00:18.7: BAR 13: failed to assign [io  size 0x1000]
[    0.671804] pci 0000:00:18.7: BAR 13: no space for [io  size 0x1000]
[    0.671804] pci 0000:00:18.7: BAR 13: failed to assign [io  size 0x1000]
[    0.671805] pci 0000:00:18.6: BAR 13: no space for [io  size 0x1000]
[    0.671806] pci 0000:00:18.6: BAR 13: failed to assign [io  size 0x1000]
[    0.671807] pci 0000:00:18.5: BAR 13: no space for [io  size 0x1000]
[    0.671808] pci 0000:00:18.5: BAR 13: failed to assign [io  size 0x1000]
[    0.671809] pci 0000:00:18.4: BAR 13: no space for [io  size 0x1000]
[    0.671809] pci 0000:00:18.4: BAR 13: failed to assign [io  size 0x1000]
[    0.671811] pci 0000:00:18.3: BAR 13: no space for [io  size 0x1000]
[    0.671811] pci 0000:00:18.3: BAR 13: failed to assign [io  size 0x1000]
[    0.671812] pci 0000:00:18.2: BAR 13: no space for [io  size 0x1000]
[    0.671813] pci 0000:00:18.2: BAR 13: failed to assign [io  size 0x1000]
[    0.671814] pci 0000:00:17.7: BAR 13: no space for [io  size 0x1000]
[    0.671815] pci 0000:00:17.7: BAR 13: failed to assign [io  size 0x1000]
[    0.671816] pci 0000:00:17.6: BAR 13: no space for [io  size 0x1000]
[    0.671816] pci 0000:00:17.6: BAR 13: failed to assign [io  size 0x1000]
[    0.671817] pci 0000:00:17.5: BAR 13: no space for [io  size 0x1000]
[    0.671818] pci 0000:00:17.5: BAR 13: failed to assign [io  size 0x1000]
[    0.671819] pci 0000:00:17.4: BAR 13: no space for [io  size 0x1000]
[    0.671820] pci 0000:00:17.4: BAR 13: failed to assign [io  size 0x1000]
[    0.671821] pci 0000:00:17.3: BAR 13: no space for [io  size 0x1000]
[    0.671822] pci 0000:00:17.3: BAR 13: failed to assign [io  size 0x1000]
[    0.671823] pci 0000:00:16.7: BAR 13: no space for [io  size 0x1000]
[    0.671823] pci 0000:00:16.7: BAR 13: failed to assign [io  size 0x1000]
[    0.671824] pci 0000:00:16.6: BAR 13: no space for [io  size 0x1000]
[    0.671825] pci 0000:00:16.6: BAR 13: failed to assign [io  size 0x1000]
[    0.671826] pci 0000:00:16.5: BAR 13: no space for [io  size 0x1000]
[    0.671827] pci 0000:00:16.5: BAR 13: failed to assign [io  size 0x1000]
[    0.671828] pci 0000:00:16.4: BAR 13: no space for [io  size 0x1000]
[    0.671828] pci 0000:00:16.4: BAR 13: failed to assign [io  size 0x1000]
[    0.671829] pci 0000:00:16.3: BAR 13: no space for [io  size 0x1000]
[    0.671830] pci 0000:00:16.3: BAR 13: failed to assign [io  size 0x1000]
[    0.671831] pci 0000:00:15.7: BAR 13: no space for [io  size 0x1000]
[    0.671832] pci 0000:00:15.7: BAR 13: failed to assign [io  size 0x1000]
[    0.671833] pci 0000:00:15.6: BAR 13: no space for [io  size 0x1000]
[    0.671834] pci 0000:00:15.6: BAR 13: failed to assign [io  size 0x1000]
[    0.671835] pci 0000:00:15.5: BAR 13: no space for [io  size 0x1000]
[    0.671835] pci 0000:00:15.5: BAR 13: failed to assign [io  size 0x1000]
[    0.671836] pci 0000:00:15.4: BAR 13: no space for [io  size 0x1000]
[    0.671837] pci 0000:00:15.4: BAR 13: failed to assign [io  size 0x1000]
[    0.671838] pci 0000:00:15.3: BAR 13: no space for [io  size 0x1000]
[    0.671839] pci 0000:00:15.3: BAR 13: failed to assign [io  size 0x1000]
[    0.671841] pci 0000:00:01.0: PCI bridge to [bus 01]
[    0.671900] pci 0000:02:01.0: BAR 6: assigned [mem 0xfd500000-0xfd50ffff pref]
[    0.671901] pci 0000:02:05.0: BAR 6: assigned [mem 0xfd510000-0xfd51ffff pref]
[    0.671902] pci 0000:00:11.0: PCI bridge to [bus 02]
[    0.671910] pci 0000:00:11.0:   bridge window [io  0x2000-0x3fff]
[    0.671929] pci 0000:00:11.0:   bridge window [mem 0xfd500000-0xfdffffff]
[    0.671943] pci 0000:00:11.0:   bridge window [mem 0xe7b00000-0xe7ffffff 64bit pref]
[    0.671968] pci 0000:00:15.0: PCI bridge to [bus 03]
[    0.671975] pci 0000:00:15.0:   bridge window [io  0x4000-0x4fff]
[    0.671994] pci 0000:00:15.0:   bridge window [mem 0xfd400000-0xfd4fffff]
[    0.672007] pci 0000:00:15.0:   bridge window [mem 0xe7a00000-0xe7afffff 64bit pref]
[    0.672063] pci 0000:00:15.1: PCI bridge to [bus 04]
[    0.672071] pci 0000:00:15.1:   bridge window [io  0x8000-0x8fff]
[    0.672090] pci 0000:00:15.1:   bridge window [mem 0xfd000000-0xfd0fffff]
[    0.672103] pci 0000:00:15.1:   bridge window [mem 0xe7600000-0xe76fffff 64bit pref]
[    0.672139] pci 0000:00:15.2: PCI bridge to [bus 05]
[    0.672147] pci 0000:00:15.2:   bridge window [io  0xc000-0xcfff]
[    0.672166] pci 0000:00:15.2:   bridge window [mem 0xfcc00000-0xfccfffff]
[    0.672179] pci 0000:00:15.2:   bridge window [mem 0xe7200000-0xe72fffff 64bit pref]
[    0.672213] pci 0000:00:15.3: PCI bridge to [bus 06]
[    0.672233] pci 0000:00:15.3:   bridge window [mem 0xfc800000-0xfc8fffff]
[    0.672247] pci 0000:00:15.3:   bridge window [mem 0xe6e00000-0xe6efffff 64bit pref]
[    0.672280] pci 0000:00:15.4: PCI bridge to [bus 07]
[    0.672300] pci 0000:00:15.4:   bridge window [mem 0xfc400000-0xfc4fffff]
[    0.672313] pci 0000:00:15.4:   bridge window [mem 0xe6a00000-0xe6afffff 64bit pref]
[    0.672346] pci 0000:00:15.5: PCI bridge to [bus 08]
[    0.672366] pci 0000:00:15.5:   bridge window [mem 0xfc000000-0xfc0fffff]
[    0.672379] pci 0000:00:15.5:   bridge window [mem 0xe6600000-0xe66fffff 64bit pref]
[    0.672412] pci 0000:00:15.6: PCI bridge to [bus 09]
[    0.672432] pci 0000:00:15.6:   bridge window [mem 0xfbc00000-0xfbcfffff]
[    0.672445] pci 0000:00:15.6:   bridge window [mem 0xe6200000-0xe62fffff 64bit pref]
[    0.672478] pci 0000:00:15.7: PCI bridge to [bus 0a]
[    0.672498] pci 0000:00:15.7:   bridge window [mem 0xfb800000-0xfb8fffff]
[    0.672511] pci 0000:00:15.7:   bridge window [mem 0xe5e00000-0xe5efffff 64bit pref]
[    0.672544] pci 0000:00:16.0: PCI bridge to [bus 0b]
[    0.672552] pci 0000:00:16.0:   bridge window [io  0x5000-0x5fff]
[    0.672571] pci 0000:00:16.0:   bridge window [mem 0xfd300000-0xfd3fffff]
[    0.672584] pci 0000:00:16.0:   bridge window [mem 0xe7900000-0xe79fffff 64bit pref]
[    0.672617] pci 0000:00:16.1: PCI bridge to [bus 0c]
[    0.672625] pci 0000:00:16.1:   bridge window [io  0x9000-0x9fff]
[    0.672644] pci 0000:00:16.1:   bridge window [mem 0xfcf00000-0xfcffffff]
[    0.672657] pci 0000:00:16.1:   bridge window [mem 0xe7500000-0xe75fffff 64bit pref]
[    0.672692] pci 0000:00:16.2: PCI bridge to [bus 0d]
[    0.672700] pci 0000:00:16.2:   bridge window [io  0xd000-0xdfff]
[    0.672719] pci 0000:00:16.2:   bridge window [mem 0xfcb00000-0xfcbfffff]
[    0.672732] pci 0000:00:16.2:   bridge window [mem 0xe7100000-0xe71fffff 64bit pref]
[    0.672769] pci 0000:00:16.3: PCI bridge to [bus 0e]
[    0.672789] pci 0000:00:16.3:   bridge window [mem 0xfc700000-0xfc7fffff]
[    0.672802] pci 0000:00:16.3:   bridge window [mem 0xe6d00000-0xe6dfffff 64bit pref]
[    0.672837] pci 0000:00:16.4: PCI bridge to [bus 0f]
[    0.672857] pci 0000:00:16.4:   bridge window [mem 0xfc300000-0xfc3fffff]
[    0.672870] pci 0000:00:16.4:   bridge window [mem 0xe6900000-0xe69fffff 64bit pref]
[    0.672903] pci 0000:00:16.5: PCI bridge to [bus 10]
[    0.672923] pci 0000:00:16.5:   bridge window [mem 0xfbf00000-0xfbffffff]
[    0.672936] pci 0000:00:16.5:   bridge window [mem 0xe6500000-0xe65fffff 64bit pref]
[    0.672969] pci 0000:00:16.6: PCI bridge to [bus 11]
[    0.672989] pci 0000:00:16.6:   bridge window [mem 0xfbb00000-0xfbbfffff]
[    0.673002] pci 0000:00:16.6:   bridge window [mem 0xe6100000-0xe61fffff 64bit pref]
[    0.673035] pci 0000:00:16.7: PCI bridge to [bus 12]
[    0.673054] pci 0000:00:16.7:   bridge window [mem 0xfb700000-0xfb7fffff]
[    0.673067] pci 0000:00:16.7:   bridge window [mem 0xe5d00000-0xe5dfffff 64bit pref]
[    0.673100] pci 0000:00:17.0: PCI bridge to [bus 13]
[    0.673108] pci 0000:00:17.0:   bridge window [io  0x6000-0x6fff]
[    0.673127] pci 0000:00:17.0:   bridge window [mem 0xfd200000-0xfd2fffff]
[    0.673140] pci 0000:00:17.0:   bridge window [mem 0xe7800000-0xe78fffff 64bit pref]
[    0.673173] pci 0000:00:17.1: PCI bridge to [bus 14]
[    0.673183] pci 0000:00:17.1:   bridge window [io  0xa000-0xafff]
[    0.673203] pci 0000:00:17.1:   bridge window [mem 0xfce00000-0xfcefffff]
[    0.673216] pci 0000:00:17.1:   bridge window [mem 0xe7400000-0xe74fffff 64bit pref]
[    0.673250] pci 0000:00:17.2: PCI bridge to [bus 15]
[    0.673258] pci 0000:00:17.2:   bridge window [io  0xe000-0xefff]
[    0.673277] pci 0000:00:17.2:   bridge window [mem 0xfca00000-0xfcafffff]
[    0.673290] pci 0000:00:17.2:   bridge window [mem 0xe7000000-0xe70fffff 64bit pref]
[    0.673323] pci 0000:00:17.3: PCI bridge to [bus 16]
[    0.673343] pci 0000:00:17.3:   bridge window [mem 0xfc600000-0xfc6fffff]
[    0.673356] pci 0000:00:17.3:   bridge window [mem 0xe6c00000-0xe6cfffff 64bit pref]
[    0.673411] pci 0000:00:17.4: PCI bridge to [bus 17]
[    0.673441] pci 0000:00:17.4:   bridge window [mem 0xfc200000-0xfc2fffff]
[    0.673464] pci 0000:00:17.4:   bridge window [mem 0xe6800000-0xe68fffff 64bit pref]
[    0.673497] pci 0000:00:17.5: PCI bridge to [bus 18]
[    0.673516] pci 0000:00:17.5:   bridge window [mem 0xfbe00000-0xfbefffff]
[    0.673530] pci 0000:00:17.5:   bridge window [mem 0xe6400000-0xe64fffff 64bit pref]
[    0.673563] pci 0000:00:17.6: PCI bridge to [bus 19]
[    0.673582] pci 0000:00:17.6:   bridge window [mem 0xfba00000-0xfbafffff]
[    0.673595] pci 0000:00:17.6:   bridge window [mem 0xe6000000-0xe60fffff 64bit pref]
[    0.673628] pci 0000:00:17.7: PCI bridge to [bus 1a]
[    0.673648] pci 0000:00:17.7:   bridge window [mem 0xfb600000-0xfb6fffff]
[    0.673661] pci 0000:00:17.7:   bridge window [mem 0xe5c00000-0xe5cfffff 64bit pref]
[    0.673694] pci 0000:00:18.0: PCI bridge to [bus 1b]
[    0.673701] pci 0000:00:18.0:   bridge window [io  0x7000-0x7fff]
[    0.673720] pci 0000:00:18.0:   bridge window [mem 0xfd100000-0xfd1fffff]
[    0.673733] pci 0000:00:18.0:   bridge window [mem 0xe7700000-0xe77fffff 64bit pref]
[    0.673766] pci 0000:00:18.1: PCI bridge to [bus 1c]
[    0.673774] pci 0000:00:18.1:   bridge window [io  0xb000-0xbfff]
[    0.673793] pci 0000:00:18.1:   bridge window [mem 0xfcd00000-0xfcdfffff]
[    0.673806] pci 0000:00:18.1:   bridge window [mem 0xe7300000-0xe73fffff 64bit pref]
[    0.673848] pci 0000:00:18.2: PCI bridge to [bus 1d]
[    0.673868] pci 0000:00:18.2:   bridge window [mem 0xfc900000-0xfc9fffff]
[    0.673881] pci 0000:00:18.2:   bridge window [mem 0xe6f00000-0xe6ffffff 64bit pref]
[    0.673915] pci 0000:00:18.3: PCI bridge to [bus 1e]
[    0.673934] pci 0000:00:18.3:   bridge window [mem 0xfc500000-0xfc5fffff]
[    0.673948] pci 0000:00:18.3:   bridge window [mem 0xe6b00000-0xe6bfffff 64bit pref]
[    0.673980] pci 0000:00:18.4: PCI bridge to [bus 1f]
[    0.674000] pci 0000:00:18.4:   bridge window [mem 0xfc100000-0xfc1fffff]
[    0.674013] pci 0000:00:18.4:   bridge window [mem 0xe6700000-0xe67fffff 64bit pref]
[    0.674046] pci 0000:00:18.5: PCI bridge to [bus 20]
[    0.674066] pci 0000:00:18.5:   bridge window [mem 0xfbd00000-0xfbdfffff]
[    0.674079] pci 0000:00:18.5:   bridge window [mem 0xe6300000-0xe63fffff 64bit pref]
[    0.674112] pci 0000:00:18.6: PCI bridge to [bus 21]
[    0.674132] pci 0000:00:18.6:   bridge window [mem 0xfb900000-0xfb9fffff]
[    0.674145] pci 0000:00:18.6:   bridge window [mem 0xe5f00000-0xe5ffffff 64bit pref]
[    0.674178] pci 0000:00:18.7: PCI bridge to [bus 22]
[    0.674198] pci 0000:00:18.7:   bridge window [mem 0xfb500000-0xfb5fffff]
[    0.674211] pci 0000:00:18.7:   bridge window [mem 0xe5b00000-0xe5bfffff 64bit pref]
[    0.674245] pci_bus 0000:00: resource 4 [mem 0x000a0000-0x000bffff window]
[    0.674246] pci_bus 0000:00: resource 5 [mem 0x000d0000-0x000d3fff window]
[    0.674246] pci_bus 0000:00: resource 6 [mem 0x000d4000-0x000d7fff window]
[    0.674247] pci_bus 0000:00: resource 7 [mem 0x000d8000-0x000dbfff window]
[    0.674248] pci_bus 0000:00: resource 8 [mem 0xc0000000-0xfebfffff window]
[    0.674249] pci_bus 0000:00: resource 9 [io  0x0000-0x0cf7 window]
[    0.674249] pci_bus 0000:00: resource 10 [io  0x0d00-0xfeff window]
[    0.674251] pci_bus 0000:02: resource 0 [io  0x2000-0x3fff]
[    0.674251] pci_bus 0000:02: resource 1 [mem 0xfd500000-0xfdffffff]
[    0.674252] pci_bus 0000:02: resource 2 [mem 0xe7b00000-0xe7ffffff 64bit pref]
[    0.674253] pci_bus 0000:02: resource 4 [mem 0x000a0000-0x000bffff window]
[    0.674254] pci_bus 0000:02: resource 5 [mem 0x000d0000-0x000d3fff window]
[    0.674254] pci_bus 0000:02: resource 6 [mem 0x000d4000-0x000d7fff window]
[    0.674255] pci_bus 0000:02: resource 7 [mem 0x000d8000-0x000dbfff window]
[    0.674256] pci_bus 0000:02: resource 8 [mem 0xc0000000-0xfebfffff window]
[    0.674256] pci_bus 0000:02: resource 9 [io  0x0000-0x0cf7 window]
[    0.674257] pci_bus 0000:02: resource 10 [io  0x0d00-0xfeff window]
[    0.674258] pci_bus 0000:03: resource 0 [io  0x4000-0x4fff]
[    0.674259] pci_bus 0000:03: resource 1 [mem 0xfd400000-0xfd4fffff]
[    0.674259] pci_bus 0000:03: resource 2 [mem 0xe7a00000-0xe7afffff 64bit pref]
[    0.674260] pci_bus 0000:04: resource 0 [io  0x8000-0x8fff]
[    0.674261] pci_bus 0000:04: resource 1 [mem 0xfd000000-0xfd0fffff]
[    0.674262] pci_bus 0000:04: resource 2 [mem 0xe7600000-0xe76fffff 64bit pref]
[    0.674263] pci_bus 0000:05: resource 0 [io  0xc000-0xcfff]
[    0.674263] pci_bus 0000:05: resource 1 [mem 0xfcc00000-0xfccfffff]
[    0.674264] pci_bus 0000:05: resource 2 [mem 0xe7200000-0xe72fffff 64bit pref]
[    0.674265] pci_bus 0000:06: resource 1 [mem 0xfc800000-0xfc8fffff]
[    0.674266] pci_bus 0000:06: resource 2 [mem 0xe6e00000-0xe6efffff 64bit pref]
[    0.674266] pci_bus 0000:07: resource 1 [mem 0xfc400000-0xfc4fffff]
[    0.674267] pci_bus 0000:07: resource 2 [mem 0xe6a00000-0xe6afffff 64bit pref]
[    0.674268] pci_bus 0000:08: resource 1 [mem 0xfc000000-0xfc0fffff]
[    0.674269] pci_bus 0000:08: resource 2 [mem 0xe6600000-0xe66fffff 64bit pref]
[    0.674269] pci_bus 0000:09: resource 1 [mem 0xfbc00000-0xfbcfffff]
[    0.674270] pci_bus 0000:09: resource 2 [mem 0xe6200000-0xe62fffff 64bit pref]
[    0.674271] pci_bus 0000:0a: resource 1 [mem 0xfb800000-0xfb8fffff]
[    0.674272] pci_bus 0000:0a: resource 2 [mem 0xe5e00000-0xe5efffff 64bit pref]
[    0.674272] pci_bus 0000:0b: resource 0 [io  0x5000-0x5fff]
[    0.674273] pci_bus 0000:0b: resource 1 [mem 0xfd300000-0xfd3fffff]
[    0.674274] pci_bus 0000:0b: resource 2 [mem 0xe7900000-0xe79fffff 64bit pref]
[    0.674275] pci_bus 0000:0c: resource 0 [io  0x9000-0x9fff]
[    0.674275] pci_bus 0000:0c: resource 1 [mem 0xfcf00000-0xfcffffff]
[    0.674276] pci_bus 0000:0c: resource 2 [mem 0xe7500000-0xe75fffff 64bit pref]
[    0.674277] pci_bus 0000:0d: resource 0 [io  0xd000-0xdfff]
[    0.674277] pci_bus 0000:0d: resource 1 [mem 0xfcb00000-0xfcbfffff]
[    0.674278] pci_bus 0000:0d: resource 2 [mem 0xe7100000-0xe71fffff 64bit pref]
[    0.674279] pci_bus 0000:0e: resource 1 [mem 0xfc700000-0xfc7fffff]
[    0.674280] pci_bus 0000:0e: resource 2 [mem 0xe6d00000-0xe6dfffff 64bit pref]
[    0.674280] pci_bus 0000:0f: resource 1 [mem 0xfc300000-0xfc3fffff]
[    0.674281] pci_bus 0000:0f: resource 2 [mem 0xe6900000-0xe69fffff 64bit pref]
[    0.674282] pci_bus 0000:10: resource 1 [mem 0xfbf00000-0xfbffffff]
[    0.674283] pci_bus 0000:10: resource 2 [mem 0xe6500000-0xe65fffff 64bit pref]
[    0.674283] pci_bus 0000:11: resource 1 [mem 0xfbb00000-0xfbbfffff]
[    0.674284] pci_bus 0000:11: resource 2 [mem 0xe6100000-0xe61fffff 64bit pref]
[    0.674285] pci_bus 0000:12: resource 1 [mem 0xfb700000-0xfb7fffff]
[    0.674286] pci_bus 0000:12: resource 2 [mem 0xe5d00000-0xe5dfffff 64bit pref]
[    0.674286] pci_bus 0000:13: resource 0 [io  0x6000-0x6fff]
[    0.674287] pci_bus 0000:13: resource 1 [mem 0xfd200000-0xfd2fffff]
[    0.674288] pci_bus 0000:13: resource 2 [mem 0xe7800000-0xe78fffff 64bit pref]
[    0.674289] pci_bus 0000:14: resource 0 [io  0xa000-0xafff]
[    0.674289] pci_bus 0000:14: resource 1 [mem 0xfce00000-0xfcefffff]
[    0.674290] pci_bus 0000:14: resource 2 [mem 0xe7400000-0xe74fffff 64bit pref]
[    0.674291] pci_bus 0000:15: resource 0 [io  0xe000-0xefff]
[    0.674291] pci_bus 0000:15: resource 1 [mem 0xfca00000-0xfcafffff]
[    0.674292] pci_bus 0000:15: resource 2 [mem 0xe7000000-0xe70fffff 64bit pref]
[    0.674293] pci_bus 0000:16: resource 1 [mem 0xfc600000-0xfc6fffff]
[    0.674294] pci_bus 0000:16: resource 2 [mem 0xe6c00000-0xe6cfffff 64bit pref]
[    0.674294] pci_bus 0000:17: resource 1 [mem 0xfc200000-0xfc2fffff]
[    0.674295] pci_bus 0000:17: resource 2 [mem 0xe6800000-0xe68fffff 64bit pref]
[    0.674296] pci_bus 0000:18: resource 1 [mem 0xfbe00000-0xfbefffff]
[    0.674296] pci_bus 0000:18: resource 2 [mem 0xe6400000-0xe64fffff 64bit pref]
[    0.674297] pci_bus 0000:19: resource 1 [mem 0xfba00000-0xfbafffff]
[    0.674298] pci_bus 0000:19: resource 2 [mem 0xe6000000-0xe60fffff 64bit pref]
[    0.674299] pci_bus 0000:1a: resource 1 [mem 0xfb600000-0xfb6fffff]
[    0.674299] pci_bus 0000:1a: resource 2 [mem 0xe5c00000-0xe5cfffff 64bit pref]
[    0.674300] pci_bus 0000:1b: resource 0 [io  0x7000-0x7fff]
[    0.674301] pci_bus 0000:1b: resource 1 [mem 0xfd100000-0xfd1fffff]
[    0.674301] pci_bus 0000:1b: resource 2 [mem 0xe7700000-0xe77fffff 64bit pref]
[    0.674302] pci_bus 0000:1c: resource 0 [io  0xb000-0xbfff]
[    0.674303] pci_bus 0000:1c: resource 1 [mem 0xfcd00000-0xfcdfffff]
[    0.674304] pci_bus 0000:1c: resource 2 [mem 0xe7300000-0xe73fffff 64bit pref]
[    0.674304] pci_bus 0000:1d: resource 1 [mem 0xfc900000-0xfc9fffff]
[    0.674305] pci_bus 0000:1d: resource 2 [mem 0xe6f00000-0xe6ffffff 64bit pref]
[    0.674306] pci_bus 0000:1e: resource 1 [mem 0xfc500000-0xfc5fffff]
[    0.674306] pci_bus 0000:1e: resource 2 [mem 0xe6b00000-0xe6bfffff 64bit pref]
[    0.674307] pci_bus 0000:1f: resource 1 [mem 0xfc100000-0xfc1fffff]
[    0.674308] pci_bus 0000:1f: resource 2 [mem 0xe6700000-0xe67fffff 64bit pref]
[    0.674309] pci_bus 0000:20: resource 1 [mem 0xfbd00000-0xfbdfffff]
[    0.674309] pci_bus 0000:20: resource 2 [mem 0xe6300000-0xe63fffff 64bit pref]
[    0.674310] pci_bus 0000:21: resource 1 [mem 0xfb900000-0xfb9fffff]
[    0.674311] pci_bus 0000:21: resource 2 [mem 0xe5f00000-0xe5ffffff 64bit pref]
[    0.674312] pci_bus 0000:22: resource 1 [mem 0xfb500000-0xfb5fffff]
[    0.674312] pci_bus 0000:22: resource 2 [mem 0xe5b00000-0xe5bfffff 64bit pref]
[    0.674404] NET: Registered protocol family 2
[    0.675539] TCP established hash table entries: 65536 (order: 7, 524288 bytes)
[    0.676796] TCP bind hash table entries: 65536 (order: 8, 1048576 bytes)
[    0.679124] TCP: Hash tables configured (established 65536 bind 65536)
[    0.679430] UDP hash table entries: 4096 (order: 5, 131072 bytes)
[    0.679727] UDP-Lite hash table entries: 4096 (order: 5, 131072 bytes)
[    0.680714] NET: Registered protocol family 1
[    0.680723] pci 0000:00:00.0: Limiting direct PCI/PCI transfers
[    0.680777] pci 0000:00:0f.0: Video device with shadowed ROM
[    0.681182] PCI: CLS mismatch (32 != 64), using 64 bytes
[    0.681383] Trying to unpack rootfs image as initramfs...
[    1.271218] Freeing initrd memory: 35044K (ffff880033b7e000 - ffff880035db7000)
[    1.271252] PCI-DMA: Using software bounce buffering for IO (SWIOTLB)
[    1.271254] software IO TLB [mem 0xbbed0000-0xbfed0000] (64MB) mapped at [ffff8800bbed0000-ffff8800bfecffff]
[    1.271332] RAPL PMU detected, API unit is 2^-32 Joules, 4 fixed counters 10737418240 ms ovfl timer
[    1.271334] hw unit of domain pp0-core 2^-0 Joules
[    1.271334] hw unit of domain package 2^-0 Joules
[    1.271334] hw unit of domain dram 2^-0 Joules
[    1.271335] hw unit of domain pp1-gpu 2^-0 Joules
[    1.271344] clocksource: tsc: mask: 0xffffffffffffffff max_cycles: 0x33c635e8dfb, max_idle_ns: 440795387446 ns
[    1.438712] clocksource: Switched to clocksource tsc
[    1.439044] Scanning for low memory corruption every 60 seconds
[    1.441526] futex hash table entries: 32768 (order: 9, 2097152 bytes)
[    1.446212] audit: initializing netlink subsys (disabled)
[    1.446379] audit: type=2000 audit(1524042565.372:1): initialized
[    1.446682] Initialise system trusted keyring
[    1.447068] HugeTLB registered 1 GB page size, pre-allocated 0 pages
[    1.447069] HugeTLB registered 2 MB page size, pre-allocated 0 pages
[    1.448883] zbud: loaded
[    1.449173] VFS: Disk quotas dquot_6.6.0
[    1.449240] VFS: Dquot-cache hash table entries: 512 (order 0, 4096 bytes)
[    1.450058] fuse init (API version 7.23)
[    1.450215] Key type big_key registered
[    1.451369] Key type asymmetric registered
[    1.451372] Asymmetric key parser 'x509' registered
[    1.451402] Block layer SCSI generic (bsg) driver version 0.4 loaded (major 249)
[    1.451544] io scheduler noop registered
[    1.451547] io scheduler deadline registered (default)
[    1.451573] io scheduler cfq registered
[    1.463441] pcieport 0000:00:15.0: Signaling PME through PCIe PME interrupt
[    1.463456] pcie_pme 0000:00:15.0:pcie01: service driver pcie_pme loaded
[    1.463560] pcieport 0000:00:15.1: Signaling PME through PCIe PME interrupt
[    1.463574] pcie_pme 0000:00:15.1:pcie01: service driver pcie_pme loaded
[    1.463677] pcieport 0000:00:15.2: Signaling PME through PCIe PME interrupt
[    1.463692] pcie_pme 0000:00:15.2:pcie01: service driver pcie_pme loaded
[    1.463795] pcieport 0000:00:15.3: Signaling PME through PCIe PME interrupt
[    1.463809] pcie_pme 0000:00:15.3:pcie01: service driver pcie_pme loaded
[    1.463912] pcieport 0000:00:15.4: Signaling PME through PCIe PME interrupt
[    1.463926] pcie_pme 0000:00:15.4:pcie01: service driver pcie_pme loaded
[    1.464029] pcieport 0000:00:15.5: Signaling PME through PCIe PME interrupt
[    1.464044] pcie_pme 0000:00:15.5:pcie01: service driver pcie_pme loaded
[    1.464146] pcieport 0000:00:15.6: Signaling PME through PCIe PME interrupt
[    1.464161] pcie_pme 0000:00:15.6:pcie01: service driver pcie_pme loaded
[    1.464263] pcieport 0000:00:15.7: Signaling PME through PCIe PME interrupt
[    1.464277] pcie_pme 0000:00:15.7:pcie01: service driver pcie_pme loaded
[    1.464380] pcieport 0000:00:16.0: Signaling PME through PCIe PME interrupt
[    1.464394] pcie_pme 0000:00:16.0:pcie01: service driver pcie_pme loaded
[    1.464497] pcieport 0000:00:16.1: Signaling PME through PCIe PME interrupt
[    1.464511] pcie_pme 0000:00:16.1:pcie01: service driver pcie_pme loaded
[    1.464614] pcieport 0000:00:16.2: Signaling PME through PCIe PME interrupt
[    1.464628] pcie_pme 0000:00:16.2:pcie01: service driver pcie_pme loaded
[    1.464733] pcieport 0000:00:16.3: Signaling PME through PCIe PME interrupt
[    1.464747] pcie_pme 0000:00:16.3:pcie01: service driver pcie_pme loaded
[    1.464849] pcieport 0000:00:16.4: Signaling PME through PCIe PME interrupt
[    1.464864] pcie_pme 0000:00:16.4:pcie01: service driver pcie_pme loaded
[    1.464966] pcieport 0000:00:16.5: Signaling PME through PCIe PME interrupt
[    1.464980] pcie_pme 0000:00:16.5:pcie01: service driver pcie_pme loaded
[    1.465083] pcieport 0000:00:16.6: Signaling PME through PCIe PME interrupt
[    1.465097] pcie_pme 0000:00:16.6:pcie01: service driver pcie_pme loaded
[    1.465200] pcieport 0000:00:16.7: Signaling PME through PCIe PME interrupt
[    1.465214] pcie_pme 0000:00:16.7:pcie01: service driver pcie_pme loaded
[    1.465316] pcieport 0000:00:17.0: Signaling PME through PCIe PME interrupt
[    1.465331] pcie_pme 0000:00:17.0:pcie01: service driver pcie_pme loaded
[    1.465434] pcieport 0000:00:17.1: Signaling PME through PCIe PME interrupt
[    1.465449] pcie_pme 0000:00:17.1:pcie01: service driver pcie_pme loaded
[    1.465552] pcieport 0000:00:17.2: Signaling PME through PCIe PME interrupt
[    1.465566] pcie_pme 0000:00:17.2:pcie01: service driver pcie_pme loaded
[    1.465669] pcieport 0000:00:17.3: Signaling PME through PCIe PME interrupt
[    1.465683] pcie_pme 0000:00:17.3:pcie01: service driver pcie_pme loaded
[    1.465786] pcieport 0000:00:17.4: Signaling PME through PCIe PME interrupt
[    1.465800] pcie_pme 0000:00:17.4:pcie01: service driver pcie_pme loaded
[    1.465918] pcieport 0000:00:17.5: Signaling PME through PCIe PME interrupt
[    1.465933] pcie_pme 0000:00:17.5:pcie01: service driver pcie_pme loaded
[    1.466036] pcieport 0000:00:17.6: Signaling PME through PCIe PME interrupt
[    1.466050] pcie_pme 0000:00:17.6:pcie01: service driver pcie_pme loaded
[    1.466154] pcieport 0000:00:17.7: Signaling PME through PCIe PME interrupt
[    1.466168] pcie_pme 0000:00:17.7:pcie01: service driver pcie_pme loaded
[    1.466271] pcieport 0000:00:18.0: Signaling PME through PCIe PME interrupt
[    1.466285] pcie_pme 0000:00:18.0:pcie01: service driver pcie_pme loaded
[    1.466388] pcieport 0000:00:18.1: Signaling PME through PCIe PME interrupt
[    1.466402] pcie_pme 0000:00:18.1:pcie01: service driver pcie_pme loaded
[    1.466506] pcieport 0000:00:18.2: Signaling PME through PCIe PME interrupt
[    1.466520] pcie_pme 0000:00:18.2:pcie01: service driver pcie_pme loaded
[    1.466623] pcieport 0000:00:18.3: Signaling PME through PCIe PME interrupt
[    1.466637] pcie_pme 0000:00:18.3:pcie01: service driver pcie_pme loaded
[    1.466740] pcieport 0000:00:18.4: Signaling PME through PCIe PME interrupt
[    1.466754] pcie_pme 0000:00:18.4:pcie01: service driver pcie_pme loaded
[    1.466857] pcieport 0000:00:18.5: Signaling PME through PCIe PME interrupt
[    1.466872] pcie_pme 0000:00:18.5:pcie01: service driver pcie_pme loaded
[    1.466974] pcieport 0000:00:18.6: Signaling PME through PCIe PME interrupt
[    1.466989] pcie_pme 0000:00:18.6:pcie01: service driver pcie_pme loaded
[    1.467091] pcieport 0000:00:18.7: Signaling PME through PCIe PME interrupt
[    1.467106] pcie_pme 0000:00:18.7:pcie01: service driver pcie_pme loaded
[    1.467112] pci_hotplug: PCI Hot Plug PCI Core version: 0.5
[    1.467137] pciehp 0000:00:15.0:pcie04: Slot #160 AttnBtn+ PwrCtrl+ MRL- AttnInd- PwrInd- HotPlug+ Surprise- Interlock- NoCompl+ LLActRep+
[    1.467253] pciehp 0000:00:15.0:pcie04: service driver pciehp loaded
[    1.467277] pciehp 0000:00:15.1:pcie04: Slot #161 AttnBtn+ PwrCtrl+ MRL- AttnInd- PwrInd- HotPlug+ Surprise- Interlock- NoCompl+ LLActRep+
[    1.467378] pciehp 0000:00:15.1:pcie04: service driver pciehp loaded
[    1.467401] pciehp 0000:00:15.2:pcie04: Slot #162 AttnBtn+ PwrCtrl+ MRL- AttnInd- PwrInd- HotPlug+ Surprise- Interlock- NoCompl+ LLActRep+
[    1.467499] pciehp 0000:00:15.2:pcie04: service driver pciehp loaded
[    1.467523] pciehp 0000:00:15.3:pcie04: Slot #163 AttnBtn+ PwrCtrl+ MRL- AttnInd- PwrInd- HotPlug+ Surprise- Interlock- NoCompl+ LLActRep+
[    1.467620] pciehp 0000:00:15.3:pcie04: service driver pciehp loaded
[    1.467643] pciehp 0000:00:15.4:pcie04: Slot #164 AttnBtn+ PwrCtrl+ MRL- AttnInd- PwrInd- HotPlug+ Surprise- Interlock- NoCompl+ LLActRep+
[    1.467742] pciehp 0000:00:15.4:pcie04: service driver pciehp loaded
[    1.467766] pciehp 0000:00:15.5:pcie04: Slot #165 AttnBtn+ PwrCtrl+ MRL- AttnInd- PwrInd- HotPlug+ Surprise- Interlock- NoCompl+ LLActRep+
[    1.467865] pciehp 0000:00:15.5:pcie04: service driver pciehp loaded
[    1.467888] pciehp 0000:00:15.6:pcie04: Slot #166 AttnBtn+ PwrCtrl+ MRL- AttnInd- PwrInd- HotPlug+ Surprise- Interlock- NoCompl+ LLActRep+
[    1.467985] pciehp 0000:00:15.6:pcie04: service driver pciehp loaded
